
[00:00:00.000 --> 00:00:00.160]  
[00:00:00.160 --> 00:00:00.280]   Some
[00:00:00.280 --> 00:00:00.710]   places
[00:00:00.710 --> 00:00:00.850]   in
[00:00:00.850 --> 00:00:01.080]   the
[00:00:01.080 --> 00:00:01.490]   41
[00:00:01.490 --> 00:00:01.700]  st
[00:00:01.700 --> 00:00:02.130]   millenn
[00:00:02.130 --> 00:00:02.380]  ium
[00:00:02.380 --> 00:00:02.630]   don
[00:00:02.630 --> 00:00:02.660]  't
[00:00:02.660 --> 00:00:02.890]   just
[00:00:02.890 --> 00:00:03.230]   kill
[00:00:03.230 --> 00:00:03.580]   soldiers
[00:00:03.580 --> 00:00:03.780]  .
[00:00:04.360 --> 00:00:04.440]   They
[00:00:04.440 --> 00:00:04.520]   take
[00:00:04.520 --> 00:00:04.900]   apart
[00:00:04.900 --> 00:00:05.100]   the
[00:00:05.100 --> 00:00:06.060]   conditions
[00:00:06.060 --> 00:00:06.290]   under
[00:00:06.290 --> 00:00:06.580]   which
[00:00:06.580 --> 00:00:06.640]   a
[00:00:06.640 --> 00:00:07.100]   soldier
[00:00:07.100 --> 00:00:07.290]   can
[00:00:07.290 --> 00:00:07.820]   function
[00:00:07.820 --> 00:00:07.930]   in
[00:00:07.930 --> 00:00:08.100]   the
[00:00:08.100 --> 00:00:08.660]   first
[00:00:08.660 --> 00:00:08.730]   place
[00:00:08.730 --> 00:00:08.860]  .
[00:00:09.360 --> 00:00:09.520]   Training
[00:00:09.520 --> 00:00:09.590]  ,
[00:00:09.590 --> 00:00:10.250]   equipment
[00:00:10.250 --> 00:00:10.440]  ,
[00:00:10.440 --> 00:00:11.060]   formation
[00:00:11.060 --> 00:00:11.190]  ,
[00:00:11.190 --> 00:00:11.780]   doctrine
[00:00:11.780 --> 00:00:11.990]  ,
[00:00:11.990 --> 00:00:12.240]   gone
[00:00:12.240 --> 00:00:12.590]   before
[00:00:12.590 --> 00:00:12.780]   the
[00:00:12.780 --> 00:00:13.100]   first
[00:00:13.100 --> 00:00:13.730]   contact
[00:00:13.730 --> 00:00:13.960]   report
[00:00:13.960 --> 00:00:14.160]  .
[00:00:14.640 --> 00:00:14.720]   These
[00:00:14.720 --> 00:00:14.800]   aren
[00:00:14.800 --> 00:00:14.840]  't
[00:00:14.840 --> 00:00:15.030]   the
[00:00:15.030 --> 00:00:15.330]   worst
[00:00:15.330 --> 00:00:16.040]   battlefield
[00:00:16.040 --> 00:00:16.100]  s
[00:00:16.100 --> 00:00:16.570]   because
[00:00:16.570 --> 00:00:16.660]   of
[00:00:16.660 --> 00:00:16.850]   the
[00:00:16.850 --> 00:00:17.290]   numbers
[00:00:17.290 --> 00:00:17.540]  .
[00:00:18.100 --> 00:00:18.100]   They
[00:00:18.100 --> 00:00:18.210]  're
[00:00:18.210 --> 00:00:18.260]   the
[00:00:18.260 --> 00:00:18.640]   worst
[00:00:18.640 --> 00:00:19.020]   because
[00:00:19.020 --> 00:00:19.220]   the
[00:00:19.220 --> 00:00:20.030]   environment
[00:00:20.030 --> 00:00:20.170]   was
[00:00:20.170 --> 00:00:20.730]   already
[00:00:20.730 --> 00:00:20.980]   doing
[00:00:20.980 --> 00:00:21.330]   the
[00:00:21.330 --> 00:00:21.720]   killing
[00:00:21.720 --> 00:00:22.040]   before
[00:00:22.040 --> 00:00:22.470]   the
[00:00:22.470 --> 00:00:22.490]   enemy
[00:00:22.490 --> 00:00:22.780]   showed
[00:00:22.780 --> 00:00:22.930]   up
[00:00:22.930 --> 00:00:23.040]  .
[00:00:23.420 --> 00:00:23.590]   6
[00:00:23.590 --> 00:00:24.040]  .
[00:00:24.040 --> 00:00:24.320]   Cat
[00:00:24.320 --> 00:00:24.490]  ac
[00:00:24.490 --> 00:00:24.700]  an
[00:00:24.700 --> 00:00:25.240]   Before
[00:00:25.240 --> 00:00:25.370]   Cat
[00:00:25.370 --> 00:00:25.520]  ac
[00:00:25.520 --> 00:00:25.670]  an
[00:00:25.670 --> 00:00:26.270]   produced
[00:00:26.270 --> 00:00:26.490]   the
[00:00:26.490 --> 00:00:26.860]   Imper
[00:00:26.860 --> 00:00:27.080]  ium
[00:00:27.080 --> 00:00:27.330]  's
[00:00:27.330 --> 00:00:27.580]   most
[00:00:27.580 --> 00:00:28.050]   capable
[00:00:28.050 --> 00:00:28.640]   baseline
[00:00:28.640 --> 00:00:29.090]   human
[00:00:29.090 --> 00:00:29.660]   soldiers
[00:00:29.660 --> 00:00:29.660]  ,
[00:00:30.000 --> 00:00:30.160]  
[00:00:30.160 --> 00:00:30.200]   the
[00:00:30.200 --> 00:00:30.600]   planet
[00:00:30.600 --> 00:00:30.800]   had
[00:00:30.800 --> 00:00:30.860]   a
[00:00:30.860 --> 00:00:31.370]   simpler
[00:00:31.370 --> 00:00:32.000]   reputation
[00:00:32.000 --> 00:00:32.240]  .
[00:00:32.880 --> 00:00:32.940]   It
[00:00:32.940 --> 00:00:33.040]   killed
[00:00:33.040 --> 00:00:33.820]   everything
[00:00:33.820 --> 00:00:33.990]   on
[00:00:33.990 --> 00:00:34.250]   it
[00:00:34.250 --> 00:00:34.460]  .
[00:00:34.800 --> 00:00:34.960]   The
[00:00:34.960 --> 00:00:35.060]   jungle
[00:00:35.060 --> 00:00:35.340]   didn
[00:00:35.340 --> 00:00:35.460]  't
[00:00:35.460 --> 00:00:35.880]   evolve
[00:00:35.880 --> 00:00:36.260]   around
[00:00:36.260 --> 00:00:36.590]   human
[00:00:36.590 --> 00:00:37.060]   warfare
[00:00:37.060 --> 00:00:37.300]  .
[00:00:37.940 --> 00:00:37.940]   It
[00:00:37.940 --> 00:00:38.100]   spent
[00:00:38.100 --> 00:00:38.610]   millions
[00:00:38.610 --> 00:00:38.780]   of
[00:00:38.780 --> 00:00:39.310]   years
[00:00:39.310 --> 00:00:40.090]   optimizing
[00:00:40.090 --> 00:00:40.610]   toward
[00:00:40.610 --> 00:00:40.690]   a
[00:00:40.690 --> 00:00:41.210]   single
[00:00:41.210 --> 00:00:41.880]   outcome
[00:00:41.880 --> 00:00:41.880]  ,
[00:00:42.200 --> 00:00:42.360]   and
[00:00:42.360 --> 00:00:42.580]   anything
[00:00:42.580 --> 00:00:42.830]   with
[00:00:42.830 --> 00:00:42.890]   a
[00:00:42.890 --> 00:00:43.330]   nervous
[00:00:43.330 --> 00:00:43.710]   system
[00:00:43.710 --> 00:00:43.900]   is
[00:00:43.900 --> 00:00:43.950]   on
[00:00:43.950 --> 00:00:44.140]   the
[00:00:44.140 --> 00:00:44.460]   wrong
[00:00:44.460 --> 00:00:44.830]   side
[00:00:44.830 --> 00:00:44.830]   of
[00:00:44.830 --> 00:00:45.080]   that
[00:00:45.080 --> 00:00:45.520]   outcome
[00:00:45.520 --> 00:00:45.800]  .
[00:00:46.260 --> 00:00:46.410]   Hum
[00:00:46.410 --> 00:00:46.440]  idity
[00:00:46.440 --> 00:00:46.680]   wre
[00:00:46.680 --> 00:00:46.920]  cks
[00:00:46.920 --> 00:00:47.080]   un
[00:00:47.080 --> 00:00:47.400]  prot
[00:00:47.400 --> 00:00:47.800]  ected
[00:00:47.800 --> 00:00:48.680]   electronics
[00:00:48.680 --> 00:00:49.170]   inside
[00:00:49.170 --> 00:00:49.250]   a
[00:00:49.250 --> 00:00:49.490]   few
[00:00:49.490 --> 00:00:49.890]   hours
[00:00:49.890 --> 00:00:50.180]  .
[00:00:50.660 --> 00:00:50.820]   Lost
[00:00:50.820 --> 00:00:50.900]   charge
[00:00:50.900 --> 00:00:51.260]   packs
[00:00:51.260 --> 00:00:51.610]   corro
[00:00:51.610 --> 00:00:51.760]  de
[00:00:51.760 --> 00:00:52.000]  .
[00:00:52.000 --> 00:00:52.200]   Opt
[00:00:52.200 --> 00:00:52.540]  ical
[00:00:52.540 --> 00:00:52.600]   sc
[00:00:52.600 --> 00:00:52.870]  opes
[00:00:52.870 --> 00:00:53.080]   fog
[00:00:53.080 --> 00:00:53.810]   permanently
[00:00:53.810 --> 00:00:54.040]  .
[00:00:54.560 --> 00:00:54.720]   The
[00:00:54.720 --> 00:00:54.800]   canopy
[00:00:54.800 --> 00:00:55.560]   generates
[00:00:55.560 --> 00:00:55.640]   a
[00:00:55.640 --> 00:00:56.490]   biological
[00:00:56.490 --> 00:00:57.340]   electrical
[00:00:57.340 --> 00:00:57.790]   field
[00:00:57.790 --> 00:00:58.100]   that
[00:00:58.100 --> 00:00:58.180]   j
[00:00:58.180 --> 00:00:58.430]  ams
[00:00:58.430 --> 00:00:58.680]   vo
[00:00:58.680 --> 00:00:58.930]  x
[00:00:58.930 --> 00:00:58.950]  cas
[00:00:58.950 --> 00:00:59.340]  ters
[00:00:59.340 --> 00:00:59.340]  ,
[00:00:59.760 --> 00:00:59.930]  
[00:00:59.930 --> 00:01:00.300]   something
[00:01:00.300 --> 00:01:00.470]   the
[00:01:00.470 --> 00:01:00.830]   Mechan
[00:01:00.830 --> 00:01:01.130]  icus
[00:01:01.130 --> 00:01:01.260]   has
[00:01:01.260 --> 00:01:01.690]   catalog
[00:01:01.690 --> 00:01:01.800]  ed
[00:01:01.800 --> 00:01:01.980]   and
[00:01:01.980 --> 00:01:02.390]   never
[00:01:02.390 --> 00:01:02.990]   adequately
[00:01:02.990 --> 00:01:03.420]   explained
[00:01:03.420 --> 00:01:03.640]  .
[00:01:04.040 --> 00:01:04.120]   That
[00:01:04.120 --> 00:01:04.210]  's
[00:01:04.210 --> 00:01:04.600]   before
[00:01:04.600 --> 00:01:05.240]   anything
[00:01:05.240 --> 00:01:05.410]   in
[00:01:05.410 --> 00:01:05.740]   the
[00:01:05.740 --> 00:01:06.120]   jungle
[00:01:06.120 --> 00:01:06.680]   decides
[00:01:06.680 --> 00:01:06.840]   to
[00:01:06.840 --> 00:01:07.320]   engage
[00:01:07.320 --> 00:01:07.620]  .
[00:01:08.120 --> 00:01:08.120]   Cat
[00:01:08.120 --> 00:01:08.280]  ac
[00:01:08.280 --> 00:01:08.320]  an
[00:01:08.320 --> 00:01:08.840]   devil
[00:01:08.840 --> 00:01:08.980]  ,
[00:01:08.980 --> 00:01:09.270]   ants
[00:01:09.270 --> 00:01:09.850]   dissolve
[00:01:09.850 --> 00:01:10.210]   flesh
[00:01:10.210 --> 00:01:10.750]   faster
[00:01:10.750 --> 00:01:10.940]   than
[00:01:10.940 --> 00:01:11.380]   combat
[00:01:11.380 --> 00:01:11.450]  -
[00:01:11.450 --> 00:01:11.800]  grade
[00:01:11.800 --> 00:01:12.100]   acid
[00:01:12.100 --> 00:01:12.380]  .
[00:01:12.860 --> 00:01:12.860]   The
[00:01:12.860 --> 00:01:13.000]   Cat
[00:01:13.000 --> 00:01:13.030]  ac
[00:01:13.030 --> 00:01:13.160]  an
[00:01:13.160 --> 00:01:13.560]   devil
[00:01:13.560 --> 00:01:14.030]   itself
[00:01:14.030 --> 00:01:14.230]  ,
[00:01:14.230 --> 00:01:14.570]   six
[00:01:14.570 --> 00:01:15.160]   limbs
[00:01:15.160 --> 00:01:15.490]  ,
[00:01:15.490 --> 00:01:15.540]   ch
[00:01:15.540 --> 00:01:15.680]  it
[00:01:15.680 --> 00:01:15.820]  in
[00:01:15.820 --> 00:01:16.180]   thick
[00:01:16.180 --> 00:01:16.610]   enough
[00:01:16.610 --> 00:01:16.750]   to
[00:01:16.750 --> 00:01:17.250]   deflect
[00:01:17.250 --> 00:01:17.610]   small
[00:01:17.610 --> 00:01:17.890]   arms
[00:01:17.890 --> 00:01:18.170]   fire
[00:01:18.170 --> 00:01:18.360]  ,
[00:01:18.700 --> 00:01:18.700]   hun
[00:01:18.700 --> 00:01:18.780]  ts
[00:01:18.780 --> 00:01:18.860]   by
[00:01:18.860 --> 00:01:19.240]   thermal
[00:01:19.240 --> 00:01:19.770]   signature
[00:01:19.770 --> 00:01:19.960]  .
[00:01:20.560 --> 00:01:20.560]   Str
[00:01:20.560 --> 00:01:20.650]  ang
[00:01:20.650 --> 00:01:20.730]  ler
[00:01:20.730 --> 00:01:21.120]   plants
[00:01:21.120 --> 00:01:21.430]   drop
[00:01:21.430 --> 00:01:21.740]   tend
[00:01:21.740 --> 00:01:22.050]  rils
[00:01:22.050 --> 00:01:22.360]   that
[00:01:22.360 --> 00:01:22.750]   sever
[00:01:22.750 --> 00:01:23.190]   limbs
[00:01:23.190 --> 00:01:23.610]   before
[00:01:23.610 --> 00:01:23.840]   the
[00:01:23.840 --> 00:01:24.390]   soldier
[00:01:24.390 --> 00:01:25.160]   registers
[00:01:25.160 --> 00:01:25.650]   contact
[00:01:25.650 --> 00:01:25.980]  .
[00:01:26.480 --> 00:01:26.620]  
[00:01:26.620 --> 00:01:26.640]   My
[00:01:26.640 --> 00:01:26.760]  ra
[00:01:26.760 --> 00:01:27.040]   land
[00:01:27.040 --> 00:01:27.440]   sharks
[00:01:27.440 --> 00:01:27.850]   track
[00:01:27.850 --> 00:01:28.230]   ground
[00:01:28.230 --> 00:01:28.860]   vibration
[00:01:28.860 --> 00:01:29.080]  .
[00:01:29.700 --> 00:01:29.860]   Every
[00:01:29.860 --> 00:01:29.980]   shadow
[00:01:29.980 --> 00:01:30.240]   has
[00:01:30.240 --> 00:01:30.550]   been
[00:01:30.550 --> 00:01:31.070]   occup
[00:01:31.070 --> 00:01:31.280]  ying
[00:01:31.280 --> 00:01:31.440]   it
[00:01:31.440 --> 00:01:31.930]   longer
[00:01:31.930 --> 00:01:32.330]   than
[00:01:32.330 --> 00:01:32.500]   any
[00:01:32.500 --> 00:01:32.990]   patrol
[00:01:32.990 --> 00:01:33.230]   has
[00:01:33.230 --> 00:01:33.560]   been
[00:01:33.560 --> 00:01:34.300]   searching
[00:01:34.300 --> 00:01:34.530]   it
[00:01:34.530 --> 00:01:34.780]  .
[00:01:34.840 --> 00:01:35.380]   Forces
[00:01:35.380 --> 00:01:35.850]   without
[00:01:35.850 --> 00:01:36.210]   Cat
[00:01:36.210 --> 00:01:36.270]  ac
[00:01:36.270 --> 00:01:36.510]  an
[00:01:36.510 --> 00:01:36.540]  -
[00:01:36.540 --> 00:01:36.840]  born
[00:01:36.840 --> 00:01:37.510]   soldiers
[00:01:37.510 --> 00:01:38.090]   operate
[00:01:38.090 --> 00:01:38.250]   at
[00:01:38.250 --> 00:01:38.320]   a
[00:01:38.320 --> 00:01:39.210]   deficit
[00:01:39.210 --> 00:01:39.240]   that
[00:01:39.240 --> 00:01:39.440]   no
[00:01:39.440 --> 00:01:39.860]   amount
[00:01:39.860 --> 00:01:39.890]   of
[00:01:39.890 --> 00:01:40.620]   preparation
[00:01:40.620 --> 00:01:41.050]   closes
[00:01:41.050 --> 00:01:41.240]  .
[00:01:41.840 --> 00:01:41.880]   The
[00:01:41.880 --> 00:01:42.000]   jungle
[00:01:42.000 --> 00:01:42.240]   doesn
[00:01:42.240 --> 00:01:42.380]  't
[00:01:42.380 --> 00:01:42.670]   tele
[00:01:42.670 --> 00:01:43.030]  graph
[00:01:43.030 --> 00:01:43.240]   its
[00:01:43.240 --> 00:01:43.770]   threats
[00:01:43.770 --> 00:01:44.000]  .
[00:01:44.480 --> 00:01:44.640]   It
[00:01:44.640 --> 00:01:44.710]   withhold
[00:01:44.710 --> 00:01:44.780]  s
[00:01:44.780 --> 00:01:45.070]   them
[00:01:45.070 --> 00:01:45.420]   until
[00:01:45.420 --> 00:01:45.850]   they
[00:01:45.850 --> 00:01:45.930]  're
[00:01:45.930 --> 00:01:46.430]   already
[00:01:46.430 --> 00:01:46.720]   past
[00:01:46.720 --> 00:01:46.930]   the
[00:01:46.930 --> 00:01:47.360]   point
[00:01:47.360 --> 00:01:47.430]   of
[00:01:47.430 --> 00:01:48.000]   response
[00:01:48.000 --> 00:01:48.280]  .
[00:01:48.780 --> 00:01:48.930]  
[00:01:48.930 --> 00:01:48.940]   Cat
[00:01:48.940 --> 00:01:49.040]  ac
[00:01:49.040 --> 00:01:49.140]  an
[00:01:49.140 --> 00:01:49.320]   reg
[00:01:49.320 --> 00:01:49.620]  iments
[00:01:49.620 --> 00:01:49.850]   work
[00:01:49.850 --> 00:01:49.930]   in
[00:01:49.930 --> 00:01:50.150]   that
[00:01:50.150 --> 00:01:50.760]   environment
[00:01:50.760 --> 00:01:51.170]   because
[00:01:51.170 --> 00:01:51.410]   they
[00:01:51.410 --> 00:01:51.660]   grew
[00:01:51.660 --> 00:01:51.740]   up
[00:01:51.740 --> 00:01:52.210]   treating
[00:01:52.210 --> 00:01:52.720]   survival
[00:01:52.720 --> 00:01:52.970]   as
[00:01:52.970 --> 00:01:53.160]   a
[00:01:53.160 --> 00:01:53.800]   practical
[00:01:53.800 --> 00:01:54.720]   discipline
[00:01:54.720 --> 00:01:55.170]   rather
[00:01:55.170 --> 00:01:55.470]   than
[00:01:55.470 --> 00:01:55.620]   an
[00:01:55.620 --> 00:01:56.300]   expected
[00:01:56.300 --> 00:01:56.740]   outcome
[00:01:56.740 --> 00:01:56.980]  .
[00:01:56.980 --> 00:01:57.200]   For
[00:01:57.200 --> 00:01:57.810]   everyone
[00:01:57.810 --> 00:01:58.110]   else
[00:01:58.110 --> 00:01:58.350]  ,
[00:01:58.350 --> 00:01:58.550]   the
[00:01:58.550 --> 00:01:59.180]   mission
[00:01:59.180 --> 00:01:59.630]   doesn
[00:01:59.630 --> 00:01:59.860]  't
[00:01:59.860 --> 00:02:00.210]   fail
[00:02:00.210 --> 00:02:00.350]   on
[00:02:00.350 --> 00:02:00.620]   Cat
[00:02:00.620 --> 00:02:00.800]  ac
[00:02:00.800 --> 00:02:01.260]  an
[00:02:01.260 --> 00:02:01.260]  .
[00:02:01.600 --> 00:02:01.760]   The
[00:02:01.760 --> 00:02:01.900]   jungle
[00:02:01.900 --> 00:02:02.400]   absorbs
[00:02:02.400 --> 00:02:02.540]   it
[00:02:02.540 --> 00:02:02.750]   and
[00:02:02.750 --> 00:02:03.110]   moves
[00:02:03.110 --> 00:02:03.300]   on
[00:02:03.300 --> 00:02:03.500]  .
[00:02:03.940 --> 00:02:04.100]   Number
[00:02:04.100 --> 00:02:04.360]   five
[00:02:04.360 --> 00:02:04.530]  ,
[00:02:04.530 --> 00:02:04.960]   space
[00:02:04.960 --> 00:02:05.040]   h
[00:02:05.040 --> 00:02:05.310]  ul
[00:02:05.310 --> 00:02:05.380]  ks
[00:02:05.380 --> 00:02:05.680]  .
[00:02:06.140 --> 00:02:06.210]  
[00:02:06.210 --> 00:02:06.300]   A
[00:02:06.300 --> 00:02:06.650]   space
[00:02:06.650 --> 00:02:06.680]   h
[00:02:06.680 --> 00:02:06.870]  ulk
[00:02:06.870 --> 00:02:07.020]   is
[00:02:07.020 --> 00:02:07.700]   centuries
[00:02:07.700 --> 00:02:07.850]   of
[00:02:07.850 --> 00:02:08.770]   accumulated
[00:02:08.770 --> 00:02:09.050]   ships
[00:02:09.050 --> 00:02:09.370]  ,
[00:02:09.370 --> 00:02:09.800]   stations
[00:02:09.800 --> 00:02:09.940]  ,
[00:02:09.940 --> 00:02:10.500]   and
[00:02:10.500 --> 00:02:10.740]   debris
[00:02:10.740 --> 00:02:10.860]  ,
[00:02:10.860 --> 00:02:10.970]   f
[00:02:10.970 --> 00:02:11.310]  used
[00:02:11.310 --> 00:02:11.480]   by
[00:02:11.480 --> 00:02:11.850]   warp
[00:02:11.850 --> 00:02:12.480]   transit
[00:02:12.480 --> 00:02:12.840]   into
[00:02:12.840 --> 00:02:12.930]   a
[00:02:12.930 --> 00:02:13.740]   structure
[00:02:13.740 --> 00:02:14.010]   too
[00:02:14.010 --> 00:02:14.680]   massive
[00:02:14.680 --> 00:02:14.820]   to
[00:02:14.820 --> 00:02:15.490]   ignore
[00:02:15.490 --> 00:02:15.580]   and
[00:02:15.580 --> 00:02:15.780]   too
[00:02:15.780 --> 00:02:16.370]   unstable
[00:02:16.370 --> 00:02:16.710]   for
[00:02:16.710 --> 00:02:16.730]   any
[00:02:16.730 --> 00:02:17.070]   chart
[00:02:17.070 --> 00:02:17.200]   to
[00:02:17.200 --> 00:02:17.640]   stay
[00:02:17.640 --> 00:02:17.950]   current
[00:02:17.950 --> 00:02:18.080]   on
[00:02:18.080 --> 00:02:18.360]  .
[00:02:18.740 --> 00:02:18.900]   Board
[00:02:18.900 --> 00:02:18.950]  ing
[00:02:18.950 --> 00:02:19.280]   one
[00:02:19.280 --> 00:02:19.390]   isn
[00:02:19.390 --> 00:02:19.520]  't
[00:02:19.520 --> 00:02:19.600]   a
[00:02:19.600 --> 00:02:20.190]   tactical
[00:02:20.190 --> 00:02:20.850]   challenge
[00:02:20.850 --> 00:02:21.100]  .
[00:02:21.540 --> 00:02:21.540]   It
[00:02:21.540 --> 00:02:21.540]  's
[00:02:21.540 --> 00:02:21.710]   a
[00:02:21.710 --> 00:02:22.080]   structural
[00:02:22.080 --> 00:02:22.480]   imposs
[00:02:22.480 --> 00:02:22.940]  ibility
[00:02:22.940 --> 00:02:23.240]   that
[00:02:23.240 --> 00:02:23.660]   command
[00:02:23.660 --> 00:02:23.860]   has
[00:02:23.860 --> 00:02:24.320]   decided
[00:02:24.320 --> 00:02:24.770]   cannot
[00:02:24.770 --> 00:02:24.850]   be
[00:02:24.850 --> 00:02:25.310]   avoided
[00:02:25.310 --> 00:02:25.580]  .
[00:02:25.580 --> 00:02:25.740]  
[00:02:25.740 --> 00:02:25.770]   The
[00:02:25.770 --> 00:02:26.350]   corridors
[00:02:26.350 --> 00:02:26.680]   weren
[00:02:26.680 --> 00:02:26.950]  't
[00:02:26.950 --> 00:02:27.130]   built
[00:02:27.130 --> 00:02:27.360]  .
[00:02:27.840 --> 00:02:27.880]   They
[00:02:27.880 --> 00:02:28.000]  're
[00:02:28.000 --> 00:02:28.110]   the
[00:02:28.110 --> 00:02:28.950]   overlapping
[00:02:28.950 --> 00:02:29.330]   inter
[00:02:29.330 --> 00:02:29.630]  iors
[00:02:29.630 --> 00:02:29.780]   of
[00:02:29.780 --> 00:02:30.470]   vessels
[00:02:30.470 --> 00:02:30.610]   that
[00:02:30.610 --> 00:02:31.070]   were
[00:02:31.070 --> 00:02:31.290]   never
[00:02:31.290 --> 00:02:32.050]   designed
[00:02:32.050 --> 00:02:32.220]   to
[00:02:32.220 --> 00:02:32.440]   share
[00:02:32.440 --> 00:02:32.500]   a
[00:02:32.500 --> 00:02:32.860]   wall
[00:02:32.860 --> 00:02:32.950]  ,
[00:02:32.950 --> 00:02:33.490]   smashed
[00:02:33.490 --> 00:02:33.780]   into
[00:02:33.780 --> 00:02:34.160]   adjac
[00:02:34.160 --> 00:02:34.460]  ency
[00:02:34.460 --> 00:02:34.610]   by
[00:02:34.610 --> 00:02:34.910]   warp
[00:02:34.910 --> 00:02:35.440]   physics
[00:02:35.440 --> 00:02:35.800]  .
[00:02:36.360 --> 00:02:36.360]   Flo
[00:02:36.360 --> 00:02:36.520]  ors
[00:02:36.520 --> 00:02:36.730]   become
[00:02:36.730 --> 00:02:36.900]   ce
[00:02:36.900 --> 00:02:37.030]  il
[00:02:37.030 --> 00:02:37.320]  ings
[00:02:37.320 --> 00:02:37.570]   two
[00:02:37.570 --> 00:02:37.800]   jun
[00:02:37.800 --> 00:02:38.290]  ctions
[00:02:38.290 --> 00:02:38.420]   in
[00:02:38.420 --> 00:02:38.720]  .
[00:02:39.200 --> 00:02:39.360]   Gravity
[00:02:39.360 --> 00:02:39.740]   plates
[00:02:39.740 --> 00:02:39.970]   from
[00:02:39.970 --> 00:02:40.660]   different
[00:02:40.660 --> 00:02:41.030]   ships
[00:02:41.030 --> 00:02:41.330]   pull
[00:02:41.330 --> 00:02:41.480]   in
[00:02:41.480 --> 00:02:42.150]   competing
[00:02:42.150 --> 00:02:42.890]   directions
[00:02:42.890 --> 00:02:43.050]   in
[00:02:43.050 --> 00:02:43.570]   rooms
[00:02:43.570 --> 00:02:44.220]   separated
[00:02:44.220 --> 00:02:44.240]   by
[00:02:44.240 --> 00:02:44.310]   a
[00:02:44.310 --> 00:02:44.760]   single
[00:02:44.760 --> 00:02:45.060]   bulk
[00:02:45.060 --> 00:02:45.410]  head
[00:02:45.410 --> 00:02:45.660]  .
[00:02:46.180 --> 00:02:46.180]   Sect
[00:02:46.180 --> 00:02:46.340]  ions
[00:02:46.340 --> 00:02:46.510]   press
[00:02:46.510 --> 00:02:46.720]  ur
[00:02:46.720 --> 00:02:46.840]  ize
[00:02:46.840 --> 00:02:47.040]   and
[00:02:47.040 --> 00:02:47.300]   vent
[00:02:47.300 --> 00:02:47.760]   without
[00:02:47.760 --> 00:02:48.220]   warning
[00:02:48.220 --> 00:02:48.480]   when
[00:02:48.480 --> 00:02:49.080]   something
[00:02:49.080 --> 00:02:49.410]   fails
[00:02:49.410 --> 00:02:49.680]  .
[00:02:49.680 --> 00:02:49.840]  
[00:02:49.840 --> 00:02:49.910]   The
[00:02:49.910 --> 00:02:50.680]   atmosphere
[00:02:50.680 --> 00:02:50.830]  ,
[00:02:50.830 --> 00:02:51.210]   where
[00:02:51.210 --> 00:02:51.380]   it
[00:02:51.380 --> 00:02:51.820]   exists
[00:02:51.820 --> 00:02:51.970]   at
[00:02:51.970 --> 00:02:52.310]   all
[00:02:52.310 --> 00:02:52.350]  ,
[00:02:52.350 --> 00:02:52.560]   is
[00:02:52.560 --> 00:02:52.570]   a
[00:02:52.570 --> 00:02:53.180]   chemical
[00:02:53.180 --> 00:02:53.870]   residue
[00:02:53.870 --> 00:02:54.060]   of
[00:02:54.060 --> 00:02:54.510]   whatever
[00:02:54.510 --> 00:02:54.710]   the
[00:02:54.710 --> 00:02:55.020]   last
[00:02:55.020 --> 00:02:55.330]   crew
[00:02:55.330 --> 00:02:55.640]   left
[00:02:55.640 --> 00:02:56.100]   behind
[00:02:56.100 --> 00:02:56.280]  ,
[00:02:56.280 --> 00:02:56.630]   which
[00:02:56.630 --> 00:02:57.240]   includes
[00:02:57.240 --> 00:02:57.850]   whatever
[00:02:57.850 --> 00:02:58.460]   finished
[00:02:58.460 --> 00:02:59.030]   them
[00:02:59.030 --> 00:02:59.140]  .
[00:02:59.560 --> 00:02:59.680]   Gen
[00:02:59.680 --> 00:02:59.720]  este
[00:02:59.720 --> 00:02:59.830]  el
[00:02:59.830 --> 00:03:00.100]  ers
[00:03:00.100 --> 00:03:00.290]   are
[00:03:00.290 --> 00:03:00.930]   adapted
[00:03:00.930 --> 00:03:00.990]   to
[00:03:00.990 --> 00:03:01.300]   this
[00:03:01.300 --> 00:03:01.920]   geometry
[00:03:01.920 --> 00:03:02.190]   in
[00:03:02.190 --> 00:03:02.380]   ways
[00:03:02.380 --> 00:03:02.790]   that
[00:03:02.790 --> 00:03:03.310]   standard
[00:03:03.310 --> 00:03:03.940]   assault
[00:03:03.940 --> 00:03:04.580]   doctrine
[00:03:04.580 --> 00:03:04.710]   isn
[00:03:04.710 --> 00:03:04.880]  't
[00:03:04.880 --> 00:03:05.200]  .
[00:03:05.520 --> 00:03:05.550]   They
[00:03:05.550 --> 00:03:05.650]   don
[00:03:05.650 --> 00:03:05.680]  't
[00:03:05.680 --> 00:03:05.850]   need
[00:03:05.850 --> 00:03:06.350]   consistent
[00:03:06.350 --> 00:03:06.700]   gravity
[00:03:06.700 --> 00:03:06.860]  .
[00:03:07.480 --> 00:03:07.480]   They
[00:03:07.480 --> 00:03:07.640]   move
[00:03:07.640 --> 00:03:07.800]   through
[00:03:07.800 --> 00:03:08.500]   ventilation
[00:03:08.500 --> 00:03:08.850]   shaft
[00:03:08.850 --> 00:03:08.870]  s
[00:03:08.870 --> 00:03:09.180]   with
[00:03:09.180 --> 00:03:09.310]   the
[00:03:09.310 --> 00:03:09.820]   velocity
[00:03:09.820 --> 00:03:09.930]   of
[00:03:09.930 --> 00:03:10.110]   a
[00:03:10.110 --> 00:03:10.510]   launched
[00:03:10.510 --> 00:03:10.820]   round
[00:03:10.820 --> 00:03:11.010]   and
[00:03:11.010 --> 00:03:11.200]   the
[00:03:11.200 --> 00:03:11.860]   acoustic
[00:03:11.860 --> 00:03:12.310]   signature
[00:03:12.310 --> 00:03:12.460]   of
[00:03:12.460 --> 00:03:12.500]   a
[00:03:12.500 --> 00:03:13.160]   maintenance
[00:03:13.160 --> 00:03:13.470]   fault
[00:03:13.470 --> 00:03:13.760]  .
[00:03:13.960 --> 00:03:14.120]  
[00:03:14.120 --> 00:03:14.320]   Squad
[00:03:14.320 --> 00:03:15.040]   formations
[00:03:15.040 --> 00:03:15.410]   built
[00:03:15.410 --> 00:03:15.890]   around
[00:03:15.890 --> 00:03:16.590]   structured
[00:03:16.590 --> 00:03:17.240]   corridors
[00:03:17.240 --> 00:03:17.810]   collapse
[00:03:17.810 --> 00:03:18.350]   because
[00:03:18.350 --> 00:03:18.620]   line
[00:03:18.620 --> 00:03:18.790]   of
[00:03:18.790 --> 00:03:19.120]   sight
[00:03:19.120 --> 00:03:19.560]   inside
[00:03:19.560 --> 00:03:19.630]   a
[00:03:19.630 --> 00:03:19.700]   h
[00:03:19.700 --> 00:03:19.920]  ulk
[00:03:19.920 --> 00:03:20.360]   rarely
[00:03:20.360 --> 00:03:20.870]   extends
[00:03:20.870 --> 00:03:21.090]   six
[00:03:21.090 --> 00:03:21.600]   meters
[00:03:21.600 --> 00:03:21.620]  ,
[00:03:22.140 --> 00:03:22.140]   and
[00:03:22.140 --> 00:03:22.210]   fl
[00:03:22.210 --> 00:03:22.300]  anking
[00:03:22.300 --> 00:03:22.430]   acqu
[00:03:22.430 --> 00:03:22.680]  ires
[00:03:22.680 --> 00:03:22.690]   a
[00:03:22.690 --> 00:03:22.960]   third
[00:03:22.960 --> 00:03:23.510]   dimension
[00:03:23.510 --> 00:03:23.670]   when
[00:03:23.670 --> 00:03:23.840]   the
[00:03:23.840 --> 00:03:24.160]   threat
[00:03:24.160 --> 00:03:24.320]   can
[00:03:24.320 --> 00:03:24.770]   arrive
[00:03:24.770 --> 00:03:24.870]   from
[00:03:24.870 --> 00:03:25.370]   overhead
[00:03:25.370 --> 00:03:25.420]   or
[00:03:25.420 --> 00:03:25.800]   through
[00:03:25.800 --> 00:03:25.960]   the
[00:03:25.960 --> 00:03:26.500]   wall
[00:03:26.500 --> 00:03:26.530]   itself
[00:03:26.530 --> 00:03:26.740]  .
[00:03:27.220 --> 00:03:27.380]   Term
[00:03:27.380 --> 00:03:27.470]  inator
[00:03:27.470 --> 00:03:27.840]   armor
[00:03:27.840 --> 00:03:28.060]   was
[00:03:28.060 --> 00:03:28.730]   developed
[00:03:28.730 --> 00:03:28.950]   for
[00:03:28.950 --> 00:03:29.240]   this
[00:03:29.240 --> 00:03:29.850]   specific
[00:03:29.850 --> 00:03:30.650]   operational
[00:03:30.650 --> 00:03:31.160]   context
[00:03:31.160 --> 00:03:31.440]  .
[00:03:31.920 --> 00:03:31.920]   It
[00:03:31.920 --> 00:03:32.080]   still
[00:03:32.080 --> 00:03:32.230]   doesn
[00:03:32.230 --> 00:03:32.460]  't
[00:03:32.460 --> 00:03:32.630]   make
[00:03:32.630 --> 00:03:32.810]   the
[00:03:32.810 --> 00:03:33.290]   casual
[00:03:33.290 --> 00:03:33.330]  ty
[00:03:33.330 --> 00:03:33.660]   rates
[00:03:33.660 --> 00:03:34.320]   acceptable
[00:03:34.320 --> 00:03:34.560]  .
[00:03:35.120 --> 00:03:35.120]   It
[00:03:35.120 --> 00:03:35.270]   makes
[00:03:35.270 --> 00:03:35.290]   them
[00:03:35.290 --> 00:03:35.690]   surviv
[00:03:35.690 --> 00:03:35.960]  able
[00:03:35.960 --> 00:03:36.190]   for
[00:03:36.190 --> 00:03:36.220]   a
[00:03:36.220 --> 00:03:36.820]   fraction
[00:03:36.820 --> 00:03:36.890]   of
[00:03:36.890 --> 00:03:37.090]   the
[00:03:37.090 --> 00:03:37.750]   boarding
[00:03:37.750 --> 00:03:38.000]   party
[00:03:38.000 --> 00:03:38.220]  .
[00:03:38.660 --> 00:03:38.660]   That
[00:03:38.660 --> 00:03:38.800]  's
[00:03:38.800 --> 00:03:38.820]   the
[00:03:38.820 --> 00:03:39.070]   best
[00:03:39.070 --> 00:03:39.740]   available
[00:03:39.740 --> 00:03:40.140]   outcome
[00:03:40.140 --> 00:03:40.360]  ,
[00:03:40.360 --> 00:03:40.470]   and
[00:03:40.470 --> 00:03:41.000]   everyone
[00:03:41.000 --> 00:03:41.330]   going
[00:03:41.330 --> 00:03:41.540]   and
[00:03:41.540 --> 00:03:41.890]   knows
[00:03:41.890 --> 00:03:41.990]   it
[00:03:41.990 --> 00:03:42.260]  .
[00:03:42.260 --> 00:03:42.800]   Number
[00:03:42.800 --> 00:03:43.140]   four
[00:03:43.140 --> 00:03:43.330]  ,
[00:03:43.330 --> 00:03:43.390]   V
[00:03:43.390 --> 00:03:43.630]  RA
[00:03:43.630 --> 00:03:43.680]  X
[00:03:43.680 --> 00:03:43.680]  .
[00:03:43.960 --> 00:03:44.120]  
[00:03:44.120 --> 00:03:44.150]   Sev
[00:03:44.150 --> 00:03:44.540]  enteen
[00:03:44.540 --> 00:03:44.860]   years
[00:03:44.860 --> 00:03:45.080]  .
[00:03:45.520 --> 00:03:45.680]   That
[00:03:45.680 --> 00:03:45.730]   number
[00:03:45.730 --> 00:03:46.120]   starts
[00:03:46.120 --> 00:03:46.500]   making
[00:03:46.500 --> 00:03:46.890]   sense
[00:03:46.890 --> 00:03:47.100]   once
[00:03:47.100 --> 00:03:47.290]   you
[00:03:47.290 --> 00:03:47.950]   understand
[00:03:47.950 --> 00:03:48.210]   what
[00:03:48.210 --> 00:03:48.400]   the
[00:03:48.400 --> 00:03:48.860]   terrain
[00:03:48.860 --> 00:03:49.050]   did
[00:03:49.050 --> 00:03:49.180]   to
[00:03:49.180 --> 00:03:49.880]   every
[00:03:49.880 --> 00:03:49.970]   assault
[00:03:49.970 --> 00:03:50.160]   the
[00:03:50.160 --> 00:03:50.540]   Imper
[00:03:50.540 --> 00:03:50.680]  ium
[00:03:50.680 --> 00:03:51.270]   attempted
[00:03:51.270 --> 00:03:51.580]  .
[00:03:52.100 --> 00:03:52.100]   V
[00:03:52.100 --> 00:03:52.100]  RA
[00:03:52.100 --> 00:03:52.140]  X
[00:03:52.140 --> 00:03:52.260]   was
[00:03:52.260 --> 00:03:52.300]   an
[00:03:52.300 --> 00:03:52.640]   arm
[00:03:52.640 --> 00:03:52.780]  ory
[00:03:52.780 --> 00:03:53.180]   world
[00:03:53.180 --> 00:03:53.580]   built
[00:03:53.580 --> 00:03:53.820]   for
[00:03:53.820 --> 00:03:54.380]   storage
[00:03:54.380 --> 00:03:54.730]   and
[00:03:54.730 --> 00:03:55.430]   protection
[00:03:55.430 --> 00:03:55.900]   rather
[00:03:55.900 --> 00:03:56.470]   than
[00:03:56.470 --> 00:03:56.490]   hab
[00:03:56.490 --> 00:03:57.120]  itation
[00:03:57.120 --> 00:03:57.340]  .
[00:03:57.900 --> 00:03:57.900]   Th
[00:03:57.900 --> 00:03:58.000]  ick
[00:03:58.000 --> 00:03:58.050]   rock
[00:03:58.050 --> 00:03:58.070]  c
[00:03:58.070 --> 00:03:58.440]  rete
[00:03:58.440 --> 00:03:59.100]   everywhere
[00:03:59.100 --> 00:03:59.360]  .
[00:03:59.960 --> 00:04:00.100]   Deep
[00:04:00.100 --> 00:04:00.120]   vault
[00:04:00.120 --> 00:04:00.180]  s
[00:04:00.180 --> 00:04:00.590]   below
[00:04:00.590 --> 00:04:00.730]   it
[00:04:00.730 --> 00:04:01.020]  .
[00:04:01.400 --> 00:04:01.560]   Def
[00:04:01.560 --> 00:04:01.620]  ensive
[00:04:01.620 --> 00:04:01.950]   lines
[00:04:01.950 --> 00:04:02.220]   pred
[00:04:02.220 --> 00:04:02.550]  ating
[00:04:02.550 --> 00:04:02.770]   the
[00:04:02.770 --> 00:04:03.100]   siege
[00:04:03.100 --> 00:04:03.210]   by
[00:04:03.210 --> 00:04:03.810]   centuries
[00:04:03.810 --> 00:04:04.610]   constructed
[00:04:04.610 --> 00:04:05.340]   specifically
[00:04:05.340 --> 00:04:05.760]   to
[00:04:05.760 --> 00:04:05.880]   resist
[00:04:05.880 --> 00:04:06.080]   the
[00:04:06.080 --> 00:04:06.420]   type
[00:04:06.420 --> 00:04:06.480]   of
[00:04:06.480 --> 00:04:06.950]   assault
[00:04:06.950 --> 00:04:07.280]   being
[00:04:07.280 --> 00:04:07.880]   attempted
[00:04:07.880 --> 00:04:08.350]   against
[00:04:08.350 --> 00:04:08.690]   them
[00:04:08.690 --> 00:04:08.920]  .
[00:04:08.920 --> 00:04:09.080]  
[00:04:09.080 --> 00:04:09.120]   The
[00:04:09.120 --> 00:04:09.740]   attacking
[00:04:09.740 --> 00:04:10.290]   forces
[00:04:10.290 --> 00:04:10.350]   had
[00:04:10.350 --> 00:04:10.480]   to
[00:04:10.480 --> 00:04:10.960]   advance
[00:04:10.960 --> 00:04:11.230]   into
[00:04:11.230 --> 00:04:11.640]   ground
[00:04:11.640 --> 00:04:11.910]   that
[00:04:11.910 --> 00:04:12.150]   had
[00:04:12.150 --> 00:04:12.380]   been
[00:04:12.380 --> 00:04:13.290]   engineered
[00:04:13.290 --> 00:04:13.540]   decades
[00:04:13.540 --> 00:04:13.950]   before
[00:04:13.950 --> 00:04:14.240]   they
[00:04:14.240 --> 00:04:14.700]   arrived
[00:04:14.700 --> 00:04:14.830]   to
[00:04:14.830 --> 00:04:15.130]   stop
[00:04:15.130 --> 00:04:15.580]   exactly
[00:04:15.580 --> 00:04:15.850]   them
[00:04:15.850 --> 00:04:16.160]  .
[00:04:16.540 --> 00:04:16.540]   T
[00:04:16.540 --> 00:04:16.700]  ren
[00:04:16.700 --> 00:04:16.770]  ches
[00:04:16.770 --> 00:04:17.240]   funnel
[00:04:17.240 --> 00:04:17.910]   movement
[00:04:17.910 --> 00:04:18.090]   and
[00:04:18.090 --> 00:04:18.790]   eliminate
[00:04:18.790 --> 00:04:18.940]   fl
[00:04:18.940 --> 00:04:19.420]  anking
[00:04:19.420 --> 00:04:19.550]   at
[00:04:19.550 --> 00:04:19.780]   the
[00:04:19.780 --> 00:04:20.170]   squad
[00:04:20.170 --> 00:04:20.860]   level
[00:04:20.860 --> 00:04:20.860]  .
[00:04:20.860 --> 00:04:21.020]  
[00:04:21.020 --> 00:04:21.060]   The
[00:04:21.060 --> 00:04:21.400]   chaos
[00:04:21.400 --> 00:04:21.450]  -
[00:04:21.450 --> 00:04:21.570]  al
[00:04:21.570 --> 00:04:21.940]  igned
[00:04:21.940 --> 00:04:22.560]   defenders
[00:04:22.560 --> 00:04:22.840]   added
[00:04:22.840 --> 00:04:23.510]   persistent
[00:04:23.510 --> 00:04:24.090]   acidic
[00:04:24.090 --> 00:04:24.450]   chemical
[00:04:24.450 --> 00:04:25.180]   compounds
[00:04:25.180 --> 00:04:25.250]   to
[00:04:25.250 --> 00:04:25.460]   that
[00:04:25.460 --> 00:04:25.920]   problem
[00:04:25.920 --> 00:04:26.200]  .
[00:04:26.740 --> 00:04:26.740]   Ag
[00:04:26.740 --> 00:04:26.900]  ents
[00:04:26.900 --> 00:04:27.050]   that
[00:04:27.050 --> 00:04:27.390]   pool
[00:04:27.390 --> 00:04:27.560]  ed
[00:04:27.560 --> 00:04:27.720]   in
[00:04:27.720 --> 00:04:28.110]   low
[00:04:28.110 --> 00:04:28.490]   ground
[00:04:28.490 --> 00:04:29.000]   degrad
[00:04:29.000 --> 00:04:29.170]  ed
[00:04:29.170 --> 00:04:29.680]   respir
[00:04:29.680 --> 00:04:30.020]  ator
[00:04:30.020 --> 00:04:30.420]   seals
[00:04:30.420 --> 00:04:31.110]   over
[00:04:31.110 --> 00:04:31.460]   extended
[00:04:31.460 --> 00:04:32.200]   exposure
[00:04:32.200 --> 00:04:32.390]   and
[00:04:32.390 --> 00:04:32.960]   corrupted
[00:04:32.960 --> 00:04:33.150]   the
[00:04:33.150 --> 00:04:33.400]   soil
[00:04:33.400 --> 00:04:34.030]   chemistry
[00:04:34.030 --> 00:04:34.350]   across
[00:04:34.350 --> 00:04:34.810]   entire
[00:04:34.810 --> 00:04:35.280]   operating
[00:04:35.280 --> 00:04:35.980]   sectors
[00:04:35.980 --> 00:04:35.980]  .
[00:04:35.980 --> 00:04:36.140]  
[00:04:36.140 --> 00:04:36.520]   Ground
[00:04:36.520 --> 00:04:36.690]   that
[00:04:36.690 --> 00:04:37.120]   should
[00:04:37.120 --> 00:04:37.400]   have
[00:04:37.400 --> 00:04:37.680]   been
[00:04:37.680 --> 00:04:38.180]   travers
[00:04:38.180 --> 00:04:38.610]  able
[00:04:38.610 --> 00:04:38.890]   became
[00:04:38.890 --> 00:04:39.240]   toxic
[00:04:39.240 --> 00:04:39.670]   inside
[00:04:39.670 --> 00:04:39.870]   two
[00:04:39.870 --> 00:04:40.350]   weeks
[00:04:40.350 --> 00:04:40.370]   of
[00:04:40.370 --> 00:04:41.010]   sustained
[00:04:41.010 --> 00:04:41.630]   fighting
[00:04:41.630 --> 00:04:41.860]  .
[00:04:42.360 --> 00:04:42.480]   Sold
[00:04:42.480 --> 00:04:42.520]  iers
[00:04:42.520 --> 00:04:42.710]   who
[00:04:42.710 --> 00:04:43.250]   crossed
[00:04:43.250 --> 00:04:44.180]   contaminated
[00:04:44.180 --> 00:04:44.790]   sections
[00:04:44.790 --> 00:04:45.340]   arrived
[00:04:45.340 --> 00:04:45.590]   at
[00:04:45.590 --> 00:04:45.880]   their
[00:04:45.880 --> 00:04:46.740]   objectives
[00:04:46.740 --> 00:04:47.200]   already
[00:04:47.200 --> 00:04:47.380]   in
[00:04:47.380 --> 00:04:48.360]   physiological
[00:04:48.360 --> 00:04:48.900]   decline
[00:04:48.900 --> 00:04:49.350]   before
[00:04:49.350 --> 00:04:49.650]   any
[00:04:49.650 --> 00:04:50.130]   contact
[00:04:50.130 --> 00:04:50.750]   occurred
[00:04:50.750 --> 00:04:51.100]  .
[00:04:51.100 --> 00:04:51.260]  
[00:04:51.260 --> 00:04:51.450]   After
[00:04:51.450 --> 00:04:52.060]   seventeen
[00:04:52.060 --> 00:04:52.470]   years
[00:04:52.470 --> 00:04:52.570]   of
[00:04:52.570 --> 00:04:52.850]   that
[00:04:52.850 --> 00:04:53.030]  ,
[00:04:53.030 --> 00:04:53.200]   the
[00:04:53.200 --> 00:04:53.980]   battlefield
[00:04:53.980 --> 00:04:54.600]   substrate
[00:04:54.600 --> 00:04:55.060]   changed
[00:04:55.060 --> 00:04:55.340]  .
[00:04:55.740 --> 00:04:55.830]   The
[00:04:55.830 --> 00:04:55.900]   soil
[00:04:55.900 --> 00:04:55.970]   ch
[00:04:55.970 --> 00:04:56.280]  urn
[00:04:56.280 --> 00:04:56.320]  ed
[00:04:56.320 --> 00:04:56.560]  .
[00:04:56.960 --> 00:04:56.990]   Cont
[00:04:56.990 --> 00:04:57.120]  am
[00:04:57.120 --> 00:04:57.500]  inated
[00:04:57.500 --> 00:04:57.780]   zones
[00:04:57.780 --> 00:04:58.430]   developed
[00:04:58.430 --> 00:04:59.160]   biological
[00:04:59.160 --> 00:04:59.890]   properties
[00:04:59.890 --> 00:05:00.190]   that
[00:05:00.190 --> 00:05:00.390]   had
[00:05:00.390 --> 00:05:00.530]   no
[00:05:00.530 --> 00:05:01.320]   business
[00:05:01.320 --> 00:05:01.560]   being
[00:05:01.560 --> 00:05:01.830]   there
[00:05:01.830 --> 00:05:02.120]  .
[00:05:02.120 --> 00:05:02.280]   In
[00:05:02.280 --> 00:05:02.440]   the
[00:05:02.440 --> 00:05:02.770]   worst
[00:05:02.770 --> 00:05:03.230]   sectors
[00:05:03.230 --> 00:05:03.490]  ,
[00:05:03.490 --> 00:05:03.550]   the
[00:05:03.550 --> 00:05:04.270]   distinction
[00:05:04.270 --> 00:05:04.750]   between
[00:05:04.750 --> 00:05:04.790]   a
[00:05:04.790 --> 00:05:05.050]   mine
[00:05:05.050 --> 00:05:05.370]  field
[00:05:05.370 --> 00:05:05.560]   and
[00:05:05.560 --> 00:05:05.890]   clear
[00:05:05.890 --> 00:05:06.490]   ground
[00:05:06.490 --> 00:05:06.740]   stopped
[00:05:06.740 --> 00:05:06.950]   mat
[00:05:06.950 --> 00:05:07.250]  uring
[00:05:07.250 --> 00:05:07.840]   operation
[00:05:07.840 --> 00:05:08.330]  ally
[00:05:08.330 --> 00:05:08.580]   because
[00:05:08.580 --> 00:05:08.740]   the
[00:05:08.740 --> 00:05:09.180]   outcomes
[00:05:09.180 --> 00:05:09.410]   were
[00:05:09.410 --> 00:05:09.780]   roughly
[00:05:09.780 --> 00:05:10.330]   comparable
[00:05:10.330 --> 00:05:10.660]   either
[00:05:10.660 --> 00:05:10.820]   way
[00:05:10.820 --> 00:05:11.040]  .
[00:05:11.520 --> 00:05:11.680]   Four
[00:05:11.680 --> 00:05:11.720]  teen
[00:05:11.720 --> 00:05:12.320]   million
[00:05:12.320 --> 00:05:12.400]   C
[00:05:12.400 --> 00:05:12.660]  ree
[00:05:12.660 --> 00:05:13.220]   guards
[00:05:13.220 --> 00:05:13.450]  men
[00:05:13.450 --> 00:05:13.780]   died
[00:05:13.780 --> 00:05:13.950]   at
[00:05:13.950 --> 00:05:14.150]   V
[00:05:14.150 --> 00:05:14.200]  RA
[00:05:14.200 --> 00:05:14.280]  X
[00:05:14.280 --> 00:05:14.600]  .
[00:05:14.800 --> 00:05:14.950]  
[00:05:14.950 --> 00:05:14.970]   The
[00:05:14.970 --> 00:05:15.610]   environment
[00:05:15.610 --> 00:05:15.870]   wasn
[00:05:15.870 --> 00:05:15.950]  't
[00:05:15.950 --> 00:05:16.500]   incident
[00:05:16.500 --> 00:05:16.520]  al
[00:05:16.520 --> 00:05:16.630]   to
[00:05:16.630 --> 00:05:16.860]   that
[00:05:16.860 --> 00:05:17.200]   number
[00:05:17.200 --> 00:05:17.420]  .
[00:05:17.420 --> 00:05:17.580]   It
[00:05:17.580 --> 00:05:17.790]   was
[00:05:17.790 --> 00:05:18.160]   built
[00:05:18.160 --> 00:05:18.490]   into
[00:05:18.490 --> 00:05:18.790]   the
[00:05:18.790 --> 00:05:19.490]   calculation
[00:05:19.490 --> 00:05:19.780]   from
[00:05:19.780 --> 00:05:20.050]   the
[00:05:20.050 --> 00:05:20.370]   start
[00:05:20.370 --> 00:05:20.640]  .
[00:05:21.140 --> 00:05:21.310]   Number
[00:05:21.310 --> 00:05:21.690]   three
[00:05:21.690 --> 00:05:21.880]  ,
[00:05:21.880 --> 00:05:22.070]   Ne
[00:05:22.070 --> 00:05:22.150]  c
[00:05:22.150 --> 00:05:22.510]  ron
[00:05:22.510 --> 00:05:22.840]   Tomb
[00:05:22.840 --> 00:05:23.490]   Complex
[00:05:23.490 --> 00:05:23.720]  es
[00:05:23.720 --> 00:05:23.720]  .
[00:05:24.120 --> 00:05:24.120]   A
[00:05:24.120 --> 00:05:24.120]   Ne
[00:05:24.120 --> 00:05:24.270]  c
[00:05:24.270 --> 00:05:24.280]  ron
[00:05:24.280 --> 00:05:24.660]   Tomb
[00:05:24.660 --> 00:05:25.000]   world
[00:05:25.000 --> 00:05:25.240]   has
[00:05:25.240 --> 00:05:25.560]   been
[00:05:25.560 --> 00:05:25.640]   a
[00:05:25.640 --> 00:05:25.960]   trap
[00:05:25.960 --> 00:05:26.200]   for
[00:05:26.200 --> 00:05:26.770]   several
[00:05:26.770 --> 00:05:27.350]   million
[00:05:27.350 --> 00:05:27.740]   years
[00:05:27.740 --> 00:05:28.060]  .
[00:05:28.560 --> 00:05:28.720]   The
[00:05:28.720 --> 00:05:28.840]   exterior
[00:05:28.840 --> 00:05:29.200]   looks
[00:05:29.200 --> 00:05:29.480]   like
[00:05:29.480 --> 00:05:29.640]   a
[00:05:29.640 --> 00:05:29.980]   planet
[00:05:29.980 --> 00:05:30.220]  .
[00:05:30.780 --> 00:05:30.780]   That
[00:05:30.780 --> 00:05:30.930]  's
[00:05:30.930 --> 00:05:30.960]   where
[00:05:30.960 --> 00:05:31.160]   the
[00:05:31.160 --> 00:05:31.710]   familiar
[00:05:31.710 --> 00:05:31.980]   part
[00:05:31.980 --> 00:05:32.250]   ends
[00:05:32.250 --> 00:05:32.500]  .
[00:05:33.060 --> 00:05:33.220]   Tomb
[00:05:33.220 --> 00:05:33.380]   complexes
[00:05:33.380 --> 00:05:33.770]   extend
[00:05:33.770 --> 00:05:34.460]   kilometers
[00:05:34.460 --> 00:05:34.800]   below
[00:05:34.800 --> 00:05:35.000]   the
[00:05:35.000 --> 00:05:35.470]   surface
[00:05:35.470 --> 00:05:35.940]   through
[00:05:35.940 --> 00:05:36.550]   dimension
[00:05:36.550 --> 00:05:36.820]  ally
[00:05:36.820 --> 00:05:37.500]   compressed
[00:05:37.500 --> 00:05:38.380]   architecture
[00:05:38.380 --> 00:05:38.560]  .
[00:05:39.300 --> 00:05:39.410]  
[00:05:39.410 --> 00:05:39.460]   Ro
[00:05:39.460 --> 00:05:39.580]  oms
[00:05:39.580 --> 00:05:39.840]   that
[00:05:39.840 --> 00:05:40.260]   register
[00:05:40.260 --> 00:05:40.370]   on
[00:05:40.370 --> 00:05:40.670]   Aus
[00:05:40.670 --> 00:05:40.720]  pex
[00:05:40.720 --> 00:05:41.010]   scans
[00:05:41.010 --> 00:05:41.120]   as
[00:05:41.120 --> 00:05:41.700]   physically
[00:05:41.700 --> 00:05:42.040]   larger
[00:05:42.040 --> 00:05:42.270]   than
[00:05:42.270 --> 00:05:42.530]   the
[00:05:42.530 --> 00:05:42.550]   ge
[00:05:42.550 --> 00:05:43.000]  ological
[00:05:43.000 --> 00:05:43.670]   formation
[00:05:43.670 --> 00:05:43.900]   around
[00:05:43.900 --> 00:05:44.130]   them
[00:05:44.130 --> 00:05:44.440]   should
[00:05:44.440 --> 00:05:44.780]   permit
[00:05:44.780 --> 00:05:45.060]  .
[00:05:45.060 --> 00:05:45.600]   Whether
[00:05:45.600 --> 00:05:45.890]   that
[00:05:45.890 --> 00:05:46.040]  's
[00:05:46.040 --> 00:05:46.140]   a
[00:05:46.140 --> 00:05:46.560]   sensor
[00:05:46.560 --> 00:05:47.160]   artifact
[00:05:47.160 --> 00:05:47.310]   or
[00:05:47.310 --> 00:05:47.940]   accurate
[00:05:47.940 --> 00:05:48.290]   data
[00:05:48.290 --> 00:05:48.360]   is
[00:05:48.360 --> 00:05:48.580]   not
[00:05:48.580 --> 00:05:48.650]   a
[00:05:48.650 --> 00:05:49.440]   question
[00:05:49.440 --> 00:05:49.700]   anyone
[00:05:49.700 --> 00:05:50.380]   fighting
[00:05:50.380 --> 00:05:50.750]   inside
[00:05:50.750 --> 00:05:50.970]   has
[00:05:50.970 --> 00:05:51.270]   time
[00:05:51.270 --> 00:05:51.420]   to
[00:05:51.420 --> 00:05:51.870]   settle
[00:05:51.870 --> 00:05:52.220]  .
[00:05:52.720 --> 00:05:52.880]   The
[00:05:52.880 --> 00:05:53.080]   defenders
[00:05:53.080 --> 00:05:53.260]   re
[00:05:53.260 --> 00:05:53.800]  assemble
[00:05:53.800 --> 00:05:54.160]   after
[00:05:54.160 --> 00:05:54.520]   being
[00:05:54.520 --> 00:05:55.350]   destroyed
[00:05:55.350 --> 00:05:55.420]  .
[00:05:55.980 --> 00:05:56.140]   That
[00:05:56.140 --> 00:05:56.170]   single
[00:05:56.170 --> 00:05:56.690]   feature
[00:05:56.690 --> 00:05:57.380]   separates
[00:05:57.380 --> 00:05:57.680]   this
[00:05:57.680 --> 00:05:57.980]   from
[00:05:57.980 --> 00:05:58.360]   every
[00:05:58.360 --> 00:05:58.740]   other
[00:05:58.740 --> 00:05:59.270]   hostile
[00:05:59.270 --> 00:06:00.260]   environment
[00:06:00.260 --> 00:06:00.360]   on
[00:06:00.360 --> 00:06:00.580]   this
[00:06:00.580 --> 00:06:00.860]   list
[00:06:00.860 --> 00:06:01.160]  .
[00:06:01.580 --> 00:06:01.610]   A
[00:06:01.610 --> 00:06:01.740]   fire
[00:06:01.740 --> 00:06:01.970]   lane
[00:06:01.970 --> 00:06:02.150]   is
[00:06:02.150 --> 00:06:02.790]   cleared
[00:06:02.790 --> 00:06:03.100]  .
[00:06:03.580 --> 00:06:03.770]   Warriors
[00:06:03.770 --> 00:06:03.930]   go
[00:06:03.930 --> 00:06:04.260]   down
[00:06:04.260 --> 00:06:04.540]  .
[00:06:04.960 --> 00:06:05.130]   Twenty
[00:06:05.130 --> 00:06:05.500]   minutes
[00:06:05.500 --> 00:06:05.850]   later
[00:06:05.850 --> 00:06:06.140]   they
[00:06:06.140 --> 00:06:06.360]  've
[00:06:06.360 --> 00:06:07.020]   partially
[00:06:07.020 --> 00:06:07.590]   rebuilt
[00:06:07.590 --> 00:06:07.750]   and
[00:06:07.750 --> 00:06:07.970]   res
[00:06:07.970 --> 00:06:08.260]  umed
[00:06:08.260 --> 00:06:08.700]   patrol
[00:06:08.700 --> 00:06:08.960]  .
[00:06:09.300 --> 00:06:09.460]  
[00:06:09.460 --> 00:06:09.840]   Progress
[00:06:09.840 --> 00:06:10.310]   measured
[00:06:10.310 --> 00:06:10.440]   in
[00:06:10.440 --> 00:06:11.010]   confirmed
[00:06:11.010 --> 00:06:11.710]   elimination
[00:06:11.710 --> 00:06:12.020]   stops
[00:06:12.020 --> 00:06:12.330]   being
[00:06:12.330 --> 00:06:12.960]   meaningful
[00:06:12.960 --> 00:06:13.200]  .
[00:06:13.760 --> 00:06:13.920]   The
[00:06:13.920 --> 00:06:13.970]   structure
[00:06:13.970 --> 00:06:14.360]   itself
[00:06:14.360 --> 00:06:15.140]   continuously
[00:06:15.140 --> 00:06:15.460]   recon
[00:06:15.460 --> 00:06:15.690]  fig
[00:06:15.690 --> 00:06:15.910]  ures
[00:06:15.910 --> 00:06:16.390]   around
[00:06:16.390 --> 00:06:16.490]   the
[00:06:16.490 --> 00:06:16.750]   intr
[00:06:16.750 --> 00:06:17.070]  usion
[00:06:17.070 --> 00:06:17.260]  ,
[00:06:17.260 --> 00:06:18.130]   sealing
[00:06:18.130 --> 00:06:18.520]   corridors
[00:06:18.520 --> 00:06:18.740]  ,
[00:06:18.740 --> 00:06:19.290]   shifting
[00:06:19.290 --> 00:06:19.820]   gravity
[00:06:19.820 --> 00:06:20.270]   orient
[00:06:20.270 --> 00:06:20.720]  ations
[00:06:20.720 --> 00:06:20.900]  ,
[00:06:21.480 --> 00:06:21.640]   cycling
[00:06:21.640 --> 00:06:21.900]   through
[00:06:21.900 --> 00:06:22.560]   defensive
[00:06:22.560 --> 00:06:23.200]   responses
[00:06:23.200 --> 00:06:23.410]   the
[00:06:23.410 --> 00:06:23.620]   way
[00:06:23.620 --> 00:06:23.690]   a
[00:06:23.690 --> 00:06:24.410]   biological
[00:06:24.410 --> 00:06:24.990]   organism
[00:06:24.990 --> 00:06:25.840]   cycles
[00:06:25.840 --> 00:06:25.920]   through
[00:06:25.920 --> 00:06:26.310]   immune
[00:06:26.310 --> 00:06:26.930]   responses
[00:06:26.930 --> 00:06:27.440]   automatic
[00:06:27.440 --> 00:06:27.690]  ,
[00:06:27.690 --> 00:06:27.810]   tire
[00:06:27.810 --> 00:06:28.070]  less
[00:06:28.070 --> 00:06:28.180]  ,
[00:06:28.180 --> 00:06:28.370]   and
[00:06:28.370 --> 00:06:28.810]   scaling
[00:06:28.810 --> 00:06:29.000]   up
[00:06:29.000 --> 00:06:29.180]  .
[00:06:29.520 --> 00:06:29.600]   The
[00:06:29.600 --> 00:06:29.680]   ast
[00:06:29.680 --> 00:06:29.810]  ral
[00:06:29.810 --> 00:06:30.320]   knights
[00:06:30.320 --> 00:06:30.680]   found
[00:06:30.680 --> 00:06:30.970]   this
[00:06:30.970 --> 00:06:31.220]   out
[00:06:31.220 --> 00:06:31.610]   aboard
[00:06:31.610 --> 00:06:31.820]   the
[00:06:31.820 --> 00:06:32.180]   world
[00:06:32.180 --> 00:06:32.750]   engine
[00:06:32.750 --> 00:06:32.900]  .
[00:06:32.900 --> 00:06:33.060]  
[00:06:33.060 --> 00:06:33.120]   The
[00:06:33.120 --> 00:06:33.440]   only
[00:06:33.440 --> 00:06:33.770]   thing
[00:06:33.770 --> 00:06:34.060]   that
[00:06:34.060 --> 00:06:34.490]   worked
[00:06:34.490 --> 00:06:34.710]   was
[00:06:34.710 --> 00:06:35.220]   abandon
[00:06:35.220 --> 00:06:35.530]  ing
[00:06:35.530 --> 00:06:35.650]   the
[00:06:35.650 --> 00:06:36.130]   model
[00:06:36.130 --> 00:06:36.150]   of
[00:06:36.150 --> 00:06:36.720]   fighting
[00:06:36.720 --> 00:06:37.270]   through
[00:06:37.270 --> 00:06:37.380]   an
[00:06:37.380 --> 00:06:37.740]   enemy
[00:06:37.740 --> 00:06:38.350]   position
[00:06:38.350 --> 00:06:39.020]   entirely
[00:06:39.020 --> 00:06:39.190]   and
[00:06:39.190 --> 00:06:39.760]   treating
[00:06:39.760 --> 00:06:39.970]   the
[00:06:39.970 --> 00:06:40.610]   structure
[00:06:40.610 --> 00:06:40.750]   as
[00:06:40.750 --> 00:06:40.820]   a
[00:06:40.820 --> 00:06:41.210]   demol
[00:06:41.210 --> 00:06:41.520]  ition
[00:06:41.520 --> 00:06:42.250]   target
[00:06:42.250 --> 00:06:42.450]   instead
[00:06:42.450 --> 00:06:42.720]  .
[00:06:43.320 --> 00:06:43.480]   The
[00:06:43.480 --> 00:06:43.630]   environment
[00:06:43.630 --> 00:06:43.890]   didn
[00:06:43.890 --> 00:06:44.020]  't
[00:06:44.020 --> 00:06:44.260]   stop
[00:06:44.260 --> 00:06:44.690]   being
[00:06:44.690 --> 00:06:45.070]   hostile
[00:06:45.070 --> 00:06:45.400]   after
[00:06:45.400 --> 00:06:45.660]   that
[00:06:45.660 --> 00:06:46.200]   decision
[00:06:46.200 --> 00:06:46.420]  .
[00:06:46.900 --> 00:06:46.900]   It
[00:06:46.900 --> 00:06:47.060]   just
[00:06:47.060 --> 00:06:47.300]   became
[00:06:47.300 --> 00:06:47.440]   a
[00:06:47.440 --> 00:06:47.860]   problem
[00:06:47.860 --> 00:06:48.250]   with
[00:06:48.250 --> 00:06:48.270]   a
[00:06:48.270 --> 00:06:48.840]   physical
[00:06:48.840 --> 00:06:49.530]   solution
[00:06:49.530 --> 00:06:49.870]   rather
[00:06:49.870 --> 00:06:50.160]   than
[00:06:50.160 --> 00:06:50.230]   a
[00:06:50.230 --> 00:06:50.770]   tactical
[00:06:50.770 --> 00:06:51.260]   one
[00:06:51.260 --> 00:06:51.360]  .
[00:06:51.360 --> 00:06:51.530]  
[00:06:51.530 --> 00:06:51.900]   Number
[00:06:51.900 --> 00:06:52.140]   two
[00:06:52.140 --> 00:06:52.320]  ,
[00:06:52.320 --> 00:06:52.580]   Cad
[00:06:52.580 --> 00:06:52.750]  ia
[00:06:52.750 --> 00:06:53.100]   sits
[00:06:53.100 --> 00:06:53.290]   at
[00:06:53.290 --> 00:06:53.530]   the
[00:06:53.530 --> 00:06:53.990]   edge
[00:06:53.990 --> 00:06:54.050]   of
[00:06:54.050 --> 00:06:54.130]   a
[00:06:54.130 --> 00:06:54.920]   permanent
[00:06:54.920 --> 00:06:55.700]   spatial
[00:06:55.700 --> 00:06:55.750]   ru
[00:06:55.750 --> 00:06:56.190]  pture
[00:06:56.190 --> 00:06:56.680]   where
[00:06:56.680 --> 00:06:56.840]   the
[00:06:56.840 --> 00:06:57.190]   laws
[00:06:57.190 --> 00:06:57.980]   governing
[00:06:57.980 --> 00:06:58.680]   material
[00:06:58.680 --> 00:06:59.440]   reality
[00:06:59.440 --> 00:06:59.670]   are
[00:06:59.670 --> 00:07:00.150]   contest
[00:07:00.150 --> 00:07:00.280]  ed
[00:07:00.280 --> 00:07:00.710]   in
[00:07:00.710 --> 00:07:00.720]   ways
[00:07:00.720 --> 00:07:01.400]   standard
[00:07:01.400 --> 00:07:01.930]   military
[00:07:01.930 --> 00:07:02.460]   planning
[00:07:02.460 --> 00:07:02.870]   doesn
[00:07:02.870 --> 00:07:02.960]  't
[00:07:02.960 --> 00:07:03.690]   account
[00:07:03.690 --> 00:07:03.900]   for
[00:07:03.900 --> 00:07:03.960]  .
[00:07:04.400 --> 00:07:04.560]   Nav
[00:07:04.560 --> 00:07:04.650]  igation
[00:07:04.650 --> 00:07:05.130]   through
[00:07:05.130 --> 00:07:05.340]   the
[00:07:05.340 --> 00:07:05.770]   outer
[00:07:05.770 --> 00:07:06.170]   reaches
[00:07:06.170 --> 00:07:06.330]   of
[00:07:06.330 --> 00:07:06.520]   the
[00:07:06.520 --> 00:07:06.730]   eye
[00:07:06.730 --> 00:07:07.030]   of
[00:07:07.030 --> 00:07:07.280]   terror
[00:07:07.280 --> 00:07:07.830]   requires
[00:07:07.830 --> 00:07:08.770]   specialized
[00:07:08.770 --> 00:07:09.420]   instruments
[00:07:09.420 --> 00:07:09.720]   that
[00:07:09.720 --> 00:07:10.320]   themselves
[00:07:10.320 --> 00:07:10.620]   de
[00:07:10.620 --> 00:07:10.800]  grade
[00:07:10.800 --> 00:07:11.010]   the
[00:07:11.010 --> 00:07:11.450]   deeper
[00:07:11.450 --> 00:07:11.560]   in
[00:07:11.560 --> 00:07:11.770]   you
[00:07:11.770 --> 00:07:11.920]   go
[00:07:11.920 --> 00:07:12.220]  .
[00:07:12.680 --> 00:07:12.840]  
[00:07:12.840 --> 00:07:12.900]   Hel
[00:07:12.900 --> 00:07:13.040]  ms
[00:07:13.040 --> 00:07:13.260]  men
[00:07:13.260 --> 00:07:13.390]   on
[00:07:13.390 --> 00:07:13.770]   those
[00:07:13.770 --> 00:07:14.210]   routes
[00:07:14.210 --> 00:07:14.430]   age
[00:07:14.430 --> 00:07:14.610]   at
[00:07:14.610 --> 00:07:15.380]   accelerated
[00:07:15.380 --> 00:07:15.910]   rates
[00:07:15.910 --> 00:07:16.020]  .
[00:07:16.580 --> 00:07:16.580]   Sh
[00:07:16.580 --> 00:07:16.730]  ips
[00:07:16.730 --> 00:07:16.750]   that
[00:07:16.750 --> 00:07:17.140]   enter
[00:07:17.140 --> 00:07:17.380]   the
[00:07:17.380 --> 00:07:17.780]   inner
[00:07:17.780 --> 00:07:18.020]   eye
[00:07:18.020 --> 00:07:18.280]   on
[00:07:18.280 --> 00:07:18.830]   standard
[00:07:18.830 --> 00:07:19.460]   transit
[00:07:19.460 --> 00:07:20.270]   projections
[00:07:20.270 --> 00:07:21.010]   sometimes
[00:07:21.010 --> 00:07:21.560]   emerge
[00:07:21.560 --> 00:07:22.230]   centuries
[00:07:22.230 --> 00:07:22.460]   off
[00:07:22.460 --> 00:07:22.940]   course
[00:07:22.940 --> 00:07:23.260]  .
[00:07:23.820 --> 00:07:23.820]   Some
[00:07:23.820 --> 00:07:23.950]   don
[00:07:23.950 --> 00:07:23.990]  't
[00:07:23.990 --> 00:07:24.410]   emerge
[00:07:24.410 --> 00:07:24.660]  .
[00:07:25.240 --> 00:07:25.360]   Fore
[00:07:25.360 --> 00:07:25.410]  ground
[00:07:25.410 --> 00:07:25.780]   forces
[00:07:25.780 --> 00:07:26.190]   during
[00:07:26.190 --> 00:07:26.620]   active
[00:07:26.620 --> 00:07:26.940]   inc
[00:07:26.940 --> 00:07:27.040]  urs
[00:07:27.040 --> 00:07:27.320]  ions
[00:07:27.320 --> 00:07:27.560]  .
[00:07:28.240 --> 00:07:28.400]   The
[00:07:28.400 --> 00:07:28.440]   problem
[00:07:28.440 --> 00:07:28.610]   is
[00:07:28.610 --> 00:07:29.200]   reality
[00:07:29.200 --> 00:07:29.400]   as
[00:07:29.400 --> 00:07:29.610]   an
[00:07:29.610 --> 00:07:29.940]   unre
[00:07:29.940 --> 00:07:30.090]  li
[00:07:30.090 --> 00:07:30.440]  able
[00:07:30.440 --> 00:07:31.150]   physical
[00:07:31.150 --> 00:07:31.950]   substrate
[00:07:31.950 --> 00:07:32.280]  .
[00:07:32.280 --> 00:07:32.440]  
[00:07:32.440 --> 00:07:32.820]   During
[00:07:32.820 --> 00:07:32.950]   the
[00:07:32.950 --> 00:07:33.400]   13
[00:07:33.400 --> 00:07:33.650]  th
[00:07:33.650 --> 00:07:33.980]   Black
[00:07:33.980 --> 00:07:34.210]   Crus
[00:07:34.210 --> 00:07:34.430]  ade
[00:07:34.430 --> 00:07:34.570]  ,
[00:07:34.570 --> 00:07:35.320]   corruption
[00:07:35.320 --> 00:07:35.620]   radi
[00:07:35.620 --> 00:07:35.980]  ating
[00:07:35.980 --> 00:07:36.440]   from
[00:07:36.440 --> 00:07:36.580]   Ab
[00:07:36.580 --> 00:07:36.650]  ad
[00:07:36.650 --> 00:07:36.880]  don
[00:07:36.880 --> 00:07:36.940]  's
[00:07:36.940 --> 00:07:37.310]   fleet
[00:07:37.310 --> 00:07:37.610]   dest
[00:07:37.610 --> 00:07:37.930]  abil
[00:07:37.930 --> 00:07:38.190]  ized
[00:07:38.190 --> 00:07:39.010]   atmospheric
[00:07:39.010 --> 00:07:39.800]   conditions
[00:07:39.800 --> 00:07:40.210]   across
[00:07:40.210 --> 00:07:40.660]   entire
[00:07:40.660 --> 00:07:41.630]   operating
[00:07:41.630 --> 00:07:41.700]   zones
[00:07:41.700 --> 00:07:42.040]  .
[00:07:42.580 --> 00:07:42.580]   Equ
[00:07:42.580 --> 00:07:42.670]  ip
[00:07:42.670 --> 00:07:42.740]  ment
[00:07:42.740 --> 00:07:43.120]   failed
[00:07:43.120 --> 00:07:43.360]   with
[00:07:43.360 --> 00:07:43.510]   no
[00:07:43.510 --> 00:07:44.070]   physical
[00:07:44.070 --> 00:07:44.510]   damage
[00:07:44.510 --> 00:07:44.630]   to
[00:07:44.630 --> 00:07:45.210]   explain
[00:07:45.210 --> 00:07:45.260]   it
[00:07:45.260 --> 00:07:45.500]  .
[00:07:45.960 --> 00:07:46.060]   Sold
[00:07:46.060 --> 00:07:46.120]  iers
[00:07:46.120 --> 00:07:46.270]   who
[00:07:46.270 --> 00:07:46.620]   spent
[00:07:46.620 --> 00:07:47.180]   extended
[00:07:47.180 --> 00:07:47.460]   time
[00:07:47.460 --> 00:07:47.660]   in
[00:07:47.660 --> 00:07:48.590]   contaminated
[00:07:48.590 --> 00:07:48.940]   sectors
[00:07:48.940 --> 00:07:49.500]   reported
[00:07:49.500 --> 00:07:50.330]   geography
[00:07:50.330 --> 00:07:50.410]   that
[00:07:50.410 --> 00:07:50.690]   didn
[00:07:50.690 --> 00:07:50.830]  't
[00:07:50.830 --> 00:07:51.280]   match
[00:07:51.280 --> 00:07:51.610]   survey
[00:07:51.610 --> 00:07:51.880]   maps
[00:07:51.880 --> 00:07:52.100]  ,
[00:07:52.460 --> 00:07:52.460]   vo
[00:07:52.460 --> 00:07:52.620]  x
[00:07:52.620 --> 00:07:52.820]   traffic
[00:07:52.820 --> 00:07:53.000]   on
[00:07:53.000 --> 00:07:53.230]   dead
[00:07:53.230 --> 00:07:54.160]   frequencies
[00:07:54.160 --> 00:07:54.190]  ,
[00:07:54.190 --> 00:07:54.410]   and
[00:07:54.410 --> 00:07:54.550]   an
[00:07:54.550 --> 00:07:55.210]   inability
[00:07:55.210 --> 00:07:55.350]   to
[00:07:55.350 --> 00:07:55.710]   track
[00:07:55.710 --> 00:07:56.000]   time
[00:07:56.000 --> 00:07:56.820]   between
[00:07:56.820 --> 00:07:56.950]   events
[00:07:56.950 --> 00:07:57.240]  .
[00:07:57.660 --> 00:07:57.820]   These
[00:07:57.820 --> 00:07:57.890]   were
[00:07:57.890 --> 00:07:58.610]   documented
[00:07:58.610 --> 00:07:59.060]   across
[00:07:59.060 --> 00:07:59.640]   multiple
[00:07:59.640 --> 00:08:00.000]   units
[00:08:00.000 --> 00:08:00.260]  .
[00:08:00.260 --> 00:08:00.420]  
[00:08:00.420 --> 00:08:00.490]   They
[00:08:00.490 --> 00:08:00.800]   weren
[00:08:00.800 --> 00:08:00.890]  't
[00:08:00.890 --> 00:08:01.230]   morale
[00:08:01.230 --> 00:08:01.700]   failures
[00:08:01.700 --> 00:08:01.900]  .
[00:08:02.520 --> 00:08:02.520]   They
[00:08:02.520 --> 00:08:02.670]   were
[00:08:02.670 --> 00:08:02.700]   the
[00:08:02.700 --> 00:08:03.600]   operational
[00:08:03.600 --> 00:08:04.220]   signature
[00:08:04.220 --> 00:08:04.340]   of
[00:08:04.340 --> 00:08:04.560]   the
[00:08:04.560 --> 00:08:04.780]   eye
[00:08:04.780 --> 00:08:04.920]  's
[00:08:04.920 --> 00:08:05.400]   effect
[00:08:05.400 --> 00:08:05.510]   on
[00:08:05.510 --> 00:08:06.180]   personnel
[00:08:06.180 --> 00:08:06.900]   without
[00:08:06.900 --> 00:08:07.140]   shield
[00:08:07.140 --> 00:08:07.360]  ing
[00:08:07.360 --> 00:08:07.660]  .
[00:08:08.060 --> 00:08:08.060]   Cad
[00:08:08.060 --> 00:08:08.220]  ian
[00:08:08.220 --> 00:08:08.360]   shock
[00:08:08.360 --> 00:08:08.740]   troops
[00:08:08.740 --> 00:08:08.990]   were
[00:08:08.990 --> 00:08:09.430]   trained
[00:08:09.430 --> 00:08:09.760]   from
[00:08:09.760 --> 00:08:09.870]   the
[00:08:09.870 --> 00:08:10.190]   start
[00:08:10.190 --> 00:08:10.440]   with
[00:08:10.440 --> 00:08:10.690]   all
[00:08:10.690 --> 00:08:10.750]   of
[00:08:10.750 --> 00:08:11.000]   this
[00:08:11.000 --> 00:08:11.180]   as
[00:08:11.180 --> 00:08:11.290]   a
[00:08:11.290 --> 00:08:11.690]   baseline
[00:08:11.690 --> 00:08:11.960]  .
[00:08:12.560 --> 00:08:12.710]   They
[00:08:12.710 --> 00:08:12.730]   treated
[00:08:12.730 --> 00:08:12.870]   it
[00:08:12.870 --> 00:08:13.100]   as
[00:08:13.100 --> 00:08:13.640]   standard
[00:08:13.640 --> 00:08:14.260]   operating
[00:08:14.260 --> 00:08:14.900]   parameters
[00:08:14.900 --> 00:08:15.320]   rather
[00:08:15.320 --> 00:08:15.600]   than
[00:08:15.600 --> 00:08:16.220]   emergency
[00:08:16.220 --> 00:08:16.950]   conditions
[00:08:16.950 --> 00:08:17.160]  .
[00:08:17.680 --> 00:08:17.680]   That
[00:08:17.680 --> 00:08:17.840]   gap
[00:08:17.840 --> 00:08:18.090]   between
[00:08:18.090 --> 00:08:18.220]   a
[00:08:18.220 --> 00:08:18.480]   force
[00:08:18.480 --> 00:08:18.750]   that
[00:08:18.750 --> 00:08:19.050]   had
[00:08:19.050 --> 00:08:19.610]   normalized
[00:08:19.610 --> 00:08:19.810]   the
[00:08:19.810 --> 00:08:20.560]   impossible
[00:08:20.560 --> 00:08:20.840]   and
[00:08:20.840 --> 00:08:20.910]   a
[00:08:20.910 --> 00:08:21.240]   force
[00:08:21.240 --> 00:08:21.960]   meeting
[00:08:21.960 --> 00:08:22.050]   it
[00:08:22.050 --> 00:08:22.280]   for
[00:08:22.280 --> 00:08:22.430]   the
[00:08:22.430 --> 00:08:22.840]   first
[00:08:22.840 --> 00:08:23.200]   time
[00:08:23.200 --> 00:08:23.680]   determined
[00:08:23.680 --> 00:08:23.970]   most
[00:08:23.970 --> 00:08:24.110]   of
[00:08:24.110 --> 00:08:24.320]   the
[00:08:24.320 --> 00:08:24.970]   tactical
[00:08:24.970 --> 00:08:25.420]   results
[00:08:25.420 --> 00:08:25.560]   at
[00:08:25.560 --> 00:08:25.780]   the
[00:08:25.780 --> 00:08:26.000]   Cad
[00:08:26.000 --> 00:08:26.220]  ian
[00:08:26.220 --> 00:08:26.500]   gate
[00:08:26.500 --> 00:08:26.760]  .
[00:08:27.180 --> 00:08:27.180]   The
[00:08:27.180 --> 00:08:27.340]   Cad
[00:08:27.340 --> 00:08:27.400]  ians
[00:08:27.400 --> 00:08:27.720]   died
[00:08:27.720 --> 00:08:27.980]   there
[00:08:27.980 --> 00:08:28.110]  ,
[00:08:28.110 --> 00:08:28.300]   too
[00:08:28.300 --> 00:08:28.540]  .
[00:08:28.540 --> 00:08:28.700]  
[00:08:28.700 --> 00:08:28.850]   They
[00:08:28.850 --> 00:08:29.160]   just
[00:08:29.160 --> 00:08:29.390]   had
[00:08:29.390 --> 00:08:30.010]   doctrine
[00:08:30.010 --> 00:08:30.320]   that
[00:08:30.320 --> 00:08:30.870]   already
[00:08:30.870 --> 00:08:31.170]   had
[00:08:31.170 --> 00:08:31.170]   a
[00:08:31.170 --> 00:08:31.480]   line
[00:08:31.480 --> 00:08:31.790]   item
[00:08:31.790 --> 00:08:32.020]   for
[00:08:32.020 --> 00:08:32.170]   it
[00:08:32.170 --> 00:08:32.480]  .
[00:08:32.840 --> 00:08:33.000]   Number
[00:08:33.000 --> 00:08:33.230]   one
[00:08:33.230 --> 00:08:33.390]  ,
[00:08:33.390 --> 00:08:33.640]   the
[00:08:33.640 --> 00:08:33.970]   warp
[00:08:33.970 --> 00:08:34.540]   uncont
[00:08:34.540 --> 00:08:34.970]  rolled
[00:08:34.970 --> 00:08:35.240]  .
[00:08:35.740 --> 00:08:35.900]   Every
[00:08:35.900 --> 00:08:35.960]   inter
[00:08:35.960 --> 00:08:36.320]  stell
[00:08:36.320 --> 00:08:36.450]  ar
[00:08:36.450 --> 00:08:36.890]   vessel
[00:08:36.890 --> 00:08:37.320]   passes
[00:08:37.320 --> 00:08:37.820]   through
[00:08:37.820 --> 00:08:38.030]   the
[00:08:38.030 --> 00:08:38.370]   warp
[00:08:38.370 --> 00:08:38.460]   to
[00:08:38.460 --> 00:08:38.970]   reach
[00:08:38.970 --> 00:08:39.030]   the
[00:08:39.030 --> 00:08:39.320]   next
[00:08:39.320 --> 00:08:39.610]   star
[00:08:39.610 --> 00:08:40.130]   system
[00:08:40.130 --> 00:08:40.340]  .
[00:08:40.800 --> 00:08:40.960]   Nobody
[00:08:40.960 --> 00:08:41.040]   has
[00:08:41.040 --> 00:08:41.660]   survived
[00:08:41.660 --> 00:08:42.170]   losing
[00:08:42.170 --> 00:08:42.730]   control
[00:08:42.730 --> 00:08:42.830]   of
[00:08:42.830 --> 00:08:43.140]   that
[00:08:43.140 --> 00:08:43.760]   crossing
[00:08:43.760 --> 00:08:44.040]  .
[00:08:44.540 --> 00:08:44.540]   The
[00:08:44.540 --> 00:08:44.700]   warp
[00:08:44.700 --> 00:08:45.080]   enables
[00:08:45.080 --> 00:08:45.440]   faster
[00:08:45.440 --> 00:08:45.500]  -
[00:08:45.500 --> 00:08:45.860]  than
[00:08:45.860 --> 00:08:45.910]  -
[00:08:45.910 --> 00:08:46.240]  light
[00:08:46.240 --> 00:08:46.630]   travel
[00:08:46.630 --> 00:08:46.860]  .
[00:08:47.440 --> 00:08:47.440]   It
[00:08:47.440 --> 00:08:47.600]   also
[00:08:47.600 --> 00:08:47.980]   operates
[00:08:47.980 --> 00:08:48.330]   under
[00:08:48.330 --> 00:08:49.140]   conditions
[00:08:49.140 --> 00:08:49.500]   where
[00:08:49.500 --> 00:08:50.070]   stable
[00:08:50.070 --> 00:08:50.450]   matter
[00:08:50.450 --> 00:08:50.670]   has
[00:08:50.670 --> 00:08:50.820]   no
[00:08:50.820 --> 00:08:51.810]   particular
[00:08:51.810 --> 00:08:52.270]   standing
[00:08:52.270 --> 00:08:52.500]  .
[00:08:52.500 --> 00:08:52.570]  
[00:08:52.570 --> 00:08:52.660]   A
[00:08:52.660 --> 00:08:52.870]   ship
[00:08:52.870 --> 00:08:53.170]   that
[00:08:53.170 --> 00:08:53.570]   loses
[00:08:53.570 --> 00:08:53.830]   its
[00:08:53.830 --> 00:08:53.870]   G
[00:08:53.870 --> 00:08:54.200]  eller
[00:08:54.200 --> 00:08:54.570]   field
[00:08:54.570 --> 00:08:54.720]  ,
[00:08:54.720 --> 00:08:54.940]   the
[00:08:54.940 --> 00:08:55.760]   containment
[00:08:55.760 --> 00:08:56.200]   system
[00:08:56.200 --> 00:08:56.360]  ,
[00:08:56.360 --> 00:08:57.180]   maintaining
[00:08:57.180 --> 00:08:57.250]   a
[00:08:57.250 --> 00:08:57.820]   bubble
[00:08:57.820 --> 00:08:57.850]   of
[00:08:57.850 --> 00:08:58.450]   material
[00:08:58.450 --> 00:08:59.040]   reality
[00:08:59.040 --> 00:08:59.310]   coher
[00:08:59.310 --> 00:08:59.520]  ence
[00:08:59.520 --> 00:08:59.850]   around
[00:08:59.850 --> 00:09:00.020]   the
[00:09:00.020 --> 00:09:00.230]   hull
[00:09:00.230 --> 00:09:00.360]  ,
[00:09:00.360 --> 00:09:00.570]   isn
[00:09:00.570 --> 00:09:00.660]  't
[00:09:00.660 --> 00:09:00.810]   a
[00:09:00.810 --> 00:09:01.090]   vessel
[00:09:01.090 --> 00:09:01.210]   in
[00:09:01.210 --> 00:09:01.270]   a
[00:09:01.270 --> 00:09:01.860]   dangerous
[00:09:01.860 --> 00:09:02.510]   environment
[00:09:02.510 --> 00:09:03.070]   anymore
[00:09:03.070 --> 00:09:03.180]  .
[00:09:03.580 --> 00:09:03.580]   It
[00:09:03.580 --> 00:09:03.740]  's
[00:09:03.740 --> 00:09:03.800]   matter
[00:09:03.800 --> 00:09:04.180]   trying
[00:09:04.180 --> 00:09:04.300]   to
[00:09:04.300 --> 00:09:04.540]   hold
[00:09:04.540 --> 00:09:04.740]   its
[00:09:04.740 --> 00:09:05.050]   shape
[00:09:05.050 --> 00:09:05.620]   somewhere
[00:09:05.620 --> 00:09:05.870]   that
[00:09:05.870 --> 00:09:06.370]   actively
[00:09:06.370 --> 00:09:06.810]   works
[00:09:06.810 --> 00:09:07.120]   against
[00:09:07.120 --> 00:09:07.310]   the
[00:09:07.310 --> 00:09:07.870]   concept
[00:09:07.870 --> 00:09:07.970]   of
[00:09:07.970 --> 00:09:08.180]   shape
[00:09:08.180 --> 00:09:08.460]  .
[00:09:08.460 --> 00:09:08.620]  
[00:09:08.620 --> 00:09:08.710]   The
[00:09:08.710 --> 00:09:09.040]   crew
[00:09:09.040 --> 00:09:09.440]   doesn
[00:09:09.440 --> 00:09:09.610]  't
[00:09:09.610 --> 00:09:09.860]   die
[00:09:09.860 --> 00:09:10.160]   the
[00:09:10.160 --> 00:09:10.390]   way
[00:09:10.390 --> 00:09:10.770]   crews
[00:09:10.770 --> 00:09:11.090]   die
[00:09:11.090 --> 00:09:11.350]   when
[00:09:11.350 --> 00:09:11.690]   life
[00:09:11.690 --> 00:09:11.840]  's
[00:09:11.840 --> 00:09:12.420]   support
[00:09:12.420 --> 00:09:12.850]   fails
[00:09:12.850 --> 00:09:13.140]  .
[00:09:13.140 --> 00:09:13.350]   The
[00:09:13.350 --> 00:09:13.910]   deterior
[00:09:13.910 --> 00:09:14.270]  ation
[00:09:14.270 --> 00:09:14.620]   comes
[00:09:14.620 --> 00:09:14.900]   from
[00:09:14.900 --> 00:09:15.400]   outside
[00:09:15.400 --> 00:09:15.540]  ,
[00:09:15.540 --> 00:09:15.770]   in
[00:09:15.770 --> 00:09:15.820]  ,
[00:09:15.820 --> 00:09:16.030]   and
[00:09:16.030 --> 00:09:16.380]   doesn
[00:09:16.380 --> 00:09:16.520]  't
[00:09:16.520 --> 00:09:16.940]   follow
[00:09:16.940 --> 00:09:17.020]   a
[00:09:17.020 --> 00:09:17.590]   sequence
[00:09:17.590 --> 00:09:18.020]   anyone
[00:09:18.020 --> 00:09:18.230]   has
[00:09:18.230 --> 00:09:19.090]   successfully
[00:09:19.090 --> 00:09:19.740]   predicted
[00:09:19.740 --> 00:09:20.040]  .
[00:09:20.580 --> 00:09:20.640]   What
[00:09:20.640 --> 00:09:20.740]   makes
[00:09:20.740 --> 00:09:20.910]   this
[00:09:20.910 --> 00:09:21.120]   the
[00:09:21.120 --> 00:09:21.440]   worst
[00:09:21.440 --> 00:09:22.280]   environment
[00:09:22.280 --> 00:09:22.310]   in
[00:09:22.310 --> 00:09:22.510]   the
[00:09:22.510 --> 00:09:22.980]   setting
[00:09:22.980 --> 00:09:23.210]   is
[00:09:23.210 --> 00:09:23.380]   what
[00:09:23.380 --> 00:09:23.810]   gets
[00:09:23.810 --> 00:09:24.190]   stripped
[00:09:24.190 --> 00:09:24.450]   away
[00:09:24.450 --> 00:09:24.940]   the
[00:09:24.940 --> 00:09:25.060]   moment
[00:09:25.060 --> 00:09:25.560]   control
[00:09:25.560 --> 00:09:25.900]   fails
[00:09:25.900 --> 00:09:26.140]  .
[00:09:26.620 --> 00:09:26.780]   Nav
[00:09:26.780 --> 00:09:26.850]  igation
[00:09:26.850 --> 00:09:27.210]   stops
[00:09:27.210 --> 00:09:27.710]   working
[00:09:27.710 --> 00:09:28.210]   because
[00:09:28.210 --> 00:09:28.550]   warp
[00:09:28.550 --> 00:09:29.250]   currents
[00:09:29.250 --> 00:09:29.370]   have
[00:09:29.370 --> 00:09:29.510]   no
[00:09:29.510 --> 00:09:29.870]   fixed
[00:09:29.870 --> 00:09:30.880]   relationship
[00:09:30.880 --> 00:09:31.000]   to
[00:09:31.000 --> 00:09:31.460]   physical
[00:09:31.460 --> 00:09:32.110]   distances
[00:09:32.110 --> 00:09:32.400]  .
[00:09:32.800 --> 00:09:32.960]  
[00:09:32.960 --> 00:09:33.120]   Time
[00:09:33.120 --> 00:09:33.680]   becomes
[00:09:33.680 --> 00:09:34.500]   operation
[00:09:34.500 --> 00:09:34.730]  ally
[00:09:34.730 --> 00:09:34.960]   non
[00:09:34.960 --> 00:09:35.040]  -
[00:09:35.040 --> 00:09:35.520]  linear
[00:09:35.520 --> 00:09:35.800]  .
[00:09:36.600 --> 00:09:36.600]   V
[00:09:36.600 --> 00:09:36.600]  ess
[00:09:36.600 --> 00:09:36.600]  els
[00:09:36.600 --> 00:09:36.680]   have
[00:09:36.680 --> 00:09:36.760]   ex
[00:09:36.760 --> 00:09:36.950]  ited
[00:09:36.950 --> 00:09:37.430]   transit
[00:09:37.430 --> 00:09:37.770]   weeks
[00:09:37.770 --> 00:09:38.180]   before
[00:09:38.180 --> 00:09:38.450]   they
[00:09:38.450 --> 00:09:38.930]   entered
[00:09:38.930 --> 00:09:39.200]  ,
[00:09:39.200 --> 00:09:39.230]   as
[00:09:39.230 --> 00:09:39.830]   measured
[00:09:39.830 --> 00:09:39.890]   by
[00:09:39.890 --> 00:09:40.440]   external
[00:09:40.440 --> 00:09:41.060]   observers
[00:09:41.060 --> 00:09:41.320]  ,
[00:09:41.320 --> 00:09:41.620]   and
[00:09:41.620 --> 00:09:41.920]   some
[00:09:41.920 --> 00:09:42.170]   have
[00:09:42.170 --> 00:09:42.560]   never
[00:09:42.560 --> 00:09:42.810]   ex
[00:09:42.810 --> 00:09:43.020]  ited
[00:09:43.020 --> 00:09:43.570]   despite
[00:09:43.570 --> 00:09:44.120]   correct
[00:09:44.120 --> 00:09:44.820]   departure
[00:09:44.820 --> 00:09:45.950]   coordinates
[00:09:45.950 --> 00:09:45.960]  .
[00:09:45.960 --> 00:09:46.120]  
[00:09:46.120 --> 00:09:46.280]   Crew
[00:09:46.280 --> 00:09:47.330]   psychological
[00:09:47.330 --> 00:09:48.060]   integrity
[00:09:48.060 --> 00:09:48.380]   decl
[00:09:48.380 --> 00:09:48.700]  ines
[00:09:48.700 --> 00:09:48.860]   in
[00:09:48.860 --> 00:09:49.670]   proportion
[00:09:49.670 --> 00:09:49.830]   to
[00:09:49.830 --> 00:09:50.390]   transit
[00:09:50.390 --> 00:09:51.040]   duration
[00:09:51.040 --> 00:09:51.280]   and
[00:09:51.280 --> 00:09:52.010]   proximity
[00:09:52.010 --> 00:09:52.170]   to
[00:09:52.170 --> 00:09:52.490]   warp
[00:09:52.490 --> 00:09:52.810]   anom
[00:09:52.810 --> 00:09:53.250]  alies
[00:09:53.250 --> 00:09:53.520]  .
[00:09:54.080 --> 00:09:54.620]   Communication
[00:09:54.620 --> 00:09:54.890]   with
[00:09:54.890 --> 00:09:55.540]   anything
[00:09:55.540 --> 00:09:56.110]   outside
[00:09:56.110 --> 00:09:56.350]   the
[00:09:56.350 --> 00:09:56.710]   hull
[00:09:56.710 --> 00:09:56.830]   is
[00:09:56.830 --> 00:09:57.310]   sever
[00:09:57.310 --> 00:09:57.390]  ed
[00:09:57.390 --> 00:09:57.680]  .
[00:09:58.080 --> 00:09:58.080]   Supp
[00:09:58.080 --> 00:09:58.240]  ly
[00:09:58.240 --> 00:09:58.360]   lines
[00:09:58.360 --> 00:09:58.480]  ,
[00:09:58.480 --> 00:09:59.020]   reinforce
[00:09:59.020 --> 00:09:59.450]  ments
[00:09:59.450 --> 00:09:59.470]  ,
[00:09:59.470 --> 00:10:00.220]   intelligence
[00:10:00.220 --> 00:10:00.340]  ,
[00:10:00.340 --> 00:10:00.970]   extraction
[00:10:00.970 --> 00:10:01.090]  ,
[00:10:01.090 --> 00:10:01.720]   everything
[00:10:01.720 --> 00:10:01.760]   a
[00:10:01.760 --> 00:10:02.450]   military
[00:10:02.450 --> 00:10:02.680]   force
[00:10:02.680 --> 00:10:03.100]   depends
[00:10:03.100 --> 00:10:03.150]   on
[00:10:03.150 --> 00:10:03.400]   for
[00:10:03.400 --> 00:10:03.900]   sustained
[00:10:03.900 --> 00:10:04.460]   operation
[00:10:04.460 --> 00:10:04.700]  ,
[00:10:05.340 --> 00:10:05.340]   ce
[00:10:05.340 --> 00:10:05.420]  ases
[00:10:05.420 --> 00:10:05.510]   to
[00:10:05.510 --> 00:10:06.160]   function
[00:10:06.160 --> 00:10:06.430]   the
[00:10:06.430 --> 00:10:07.040]   moment
[00:10:07.040 --> 00:10:07.270]   the
[00:10:07.270 --> 00:10:07.340]   G
[00:10:07.340 --> 00:10:07.970]  eller
[00:10:07.970 --> 00:10:08.260]   field
[00:10:08.260 --> 00:10:08.630]   goes
[00:10:08.630 --> 00:10:08.960]  .
[00:10:08.960 --> 00:10:09.120]  
[00:10:09.120 --> 00:10:09.210]   The
[00:10:09.210 --> 00:10:09.630]   final
[00:10:09.630 --> 00:10:10.330]   boarding
[00:10:10.330 --> 00:10:10.460]   of
[00:10:10.460 --> 00:10:10.710]   the
[00:10:10.710 --> 00:10:11.130]   venge
[00:10:11.130 --> 00:10:11.380]  ful
[00:10:11.380 --> 00:10:11.880]   spirit
[00:10:11.880 --> 00:10:12.790]   illustrated
[00:10:12.790 --> 00:10:13.330]   what
[00:10:13.330 --> 00:10:13.460]   even
[00:10:13.460 --> 00:10:14.040]   partial
[00:10:14.040 --> 00:10:14.410]   warp
[00:10:14.410 --> 00:10:15.180]   exposure
[00:10:15.180 --> 00:10:15.370]   does
[00:10:15.370 --> 00:10:15.560]   at
[00:10:15.560 --> 00:10:15.950]   close
[00:10:15.950 --> 00:10:16.480]   range
[00:10:16.480 --> 00:10:16.700]  .
[00:10:16.700 --> 00:10:16.870]   A
[00:10:16.870 --> 00:10:17.280]   targeted
[00:10:17.280 --> 00:10:17.790]   teleport
[00:10:17.790 --> 00:10:18.260]   assault
[00:10:18.260 --> 00:10:18.400]  ,
[00:10:18.400 --> 00:10:18.630]   the
[00:10:18.630 --> 00:10:18.840]   most
[00:10:18.840 --> 00:10:19.490]   controlled
[00:10:19.490 --> 00:10:19.890]   form
[00:10:19.890 --> 00:10:19.930]   of
[00:10:19.930 --> 00:10:20.150]   warp
[00:10:20.150 --> 00:10:20.210]  -
[00:10:20.210 --> 00:10:20.340]  ad
[00:10:20.340 --> 00:10:20.520]  jac
[00:10:20.520 --> 00:10:21.060]  ent
[00:10:21.060 --> 00:10:21.180]   transit
[00:10:21.180 --> 00:10:21.770]   available
[00:10:21.770 --> 00:10:22.010]  ,
[00:10:22.010 --> 00:10:22.220]   was
[00:10:22.220 --> 00:10:22.520]   used
[00:10:22.520 --> 00:10:22.670]   as
[00:10:22.670 --> 00:10:22.740]   a
[00:10:22.740 --> 00:10:23.300]   dispers
[00:10:23.300 --> 00:10:23.480]  ion
[00:10:23.480 --> 00:10:24.220]   mechanism
[00:10:24.220 --> 00:10:24.420]  .
[00:10:24.860 --> 00:10:24.880]   The
[00:10:24.880 --> 00:10:25.010]   Loy
[00:10:25.010 --> 00:10:25.030]  al
[00:10:25.030 --> 00:10:25.250]  ist
[00:10:25.250 --> 00:10:25.700]   strike
[00:10:25.700 --> 00:10:26.080]   force
[00:10:26.080 --> 00:10:26.790]   scattered
[00:10:26.790 --> 00:10:27.210]   across
[00:10:27.210 --> 00:10:27.280]   a
[00:10:27.280 --> 00:10:28.090]   corrupted
[00:10:28.090 --> 00:10:28.570]   interior
[00:10:28.570 --> 00:10:28.860]  .
[00:10:29.460 --> 00:10:29.620]   Pocket
[00:10:29.620 --> 00:10:29.670]   inst
[00:10:29.670 --> 00:10:30.400]  abilities
[00:10:30.400 --> 00:10:31.050]   isolated
[00:10:31.050 --> 00:10:32.090]   individuals
[00:10:32.090 --> 00:10:32.340]   from
[00:10:32.340 --> 00:10:32.690]   their
[00:10:32.690 --> 00:10:33.090]   units
[00:10:33.090 --> 00:10:33.330]   mid
[00:10:33.330 --> 00:10:33.410]  -
[00:10:33.410 --> 00:10:33.840]  trans
[00:10:33.840 --> 00:10:34.060]  it
[00:10:34.060 --> 00:10:34.280]  .
[00:10:34.680 --> 00:10:34.680]   Dor
[00:10:34.680 --> 00:10:34.840]  ne
[00:10:34.840 --> 00:10:34.870]   was
[00:10:34.870 --> 00:10:35.550]   displaced
[00:10:35.550 --> 00:10:35.850]   into
[00:10:35.850 --> 00:10:36.050]   a
[00:10:36.050 --> 00:10:36.380]   pocket
[00:10:36.380 --> 00:10:37.050]   dimension
[00:10:37.050 --> 00:10:37.650]   entirely
[00:10:37.650 --> 00:10:37.940]  .
[00:10:38.500 --> 00:10:38.650]  
[00:10:38.650 --> 00:10:38.680]   Cor
[00:10:38.680 --> 00:10:38.860]  rid
[00:10:38.860 --> 00:10:39.040]  ors
[00:10:39.040 --> 00:10:39.450]   changed
[00:10:39.450 --> 00:10:39.940]   geometry
[00:10:39.940 --> 00:10:40.300]   around
[00:10:40.300 --> 00:10:40.660]   active
[00:10:40.660 --> 00:10:41.380]   engagements
[00:10:41.380 --> 00:10:41.560]  .
[00:10:42.080 --> 00:10:42.100]   That
[00:10:42.100 --> 00:10:42.240]   was
[00:10:42.240 --> 00:10:42.330]   one
[00:10:42.330 --> 00:10:42.640]   ship
[00:10:42.640 --> 00:10:43.450]   partially
[00:10:43.450 --> 00:10:43.660]   dest
[00:10:43.660 --> 00:10:44.010]  abil
[00:10:44.010 --> 00:10:44.280]  ized
[00:10:44.280 --> 00:10:44.430]   by
[00:10:44.430 --> 00:10:45.310]   prolonged
[00:10:45.310 --> 00:10:45.450]   warp
[00:10:45.450 --> 00:10:46.400]   exposure
[00:10:46.400 --> 00:10:46.400]  .
[00:10:46.400 --> 00:10:46.620]   The
[00:10:46.620 --> 00:10:46.940]   open
[00:10:46.940 --> 00:10:47.220]   warp
[00:10:47.220 --> 00:10:47.820]   produces
[00:10:47.820 --> 00:10:48.190]   those
[00:10:48.190 --> 00:10:49.030]   conditions
[00:10:49.030 --> 00:10:49.090]   as
[00:10:49.090 --> 00:10:49.310]   its
[00:10:49.310 --> 00:10:49.910]   starting
[00:10:49.910 --> 00:10:50.270]   point
[00:10:50.270 --> 00:10:50.650]  ,
[00:10:50.650 --> 00:10:50.770]   not
[00:10:50.770 --> 00:10:50.870]   its
[00:10:50.870 --> 00:10:51.240]   worst
[00:10:51.240 --> 00:10:51.540]   case
[00:10:51.540 --> 00:10:51.820]  .
[00:10:52.360 --> 00:10:52.520]   No
[00:10:52.520 --> 00:10:52.570]   military
[00:10:52.570 --> 00:10:52.940]   force
[00:10:52.940 --> 00:10:53.160]   has
[00:10:53.160 --> 00:10:53.760]   operated
[00:10:53.760 --> 00:10:54.580]   effectively
[00:10:54.580 --> 00:10:55.030]   inside
[00:10:55.030 --> 00:10:55.250]   the
[00:10:55.250 --> 00:10:55.590]   open
[00:10:55.590 --> 00:10:55.840]   warp
[00:10:55.840 --> 00:10:56.730]   without
[00:10:56.730 --> 00:10:57.190]   navigation
[00:10:57.190 --> 00:10:57.400]  .
[00:10:57.940 --> 00:10:57.960]   The
[00:10:57.960 --> 00:10:58.100]   ones
[00:10:58.100 --> 00:10:58.280]   that
[00:10:58.280 --> 00:10:58.600]   lost
[00:10:58.600 --> 00:10:59.310]   control
[00:10:59.310 --> 00:10:59.640]   going
[00:10:59.640 --> 00:10:59.730]   in
[00:10:59.730 --> 00:11:00.050]   didn
[00:11:00.050 --> 00:11:00.210]  't
[00:11:00.210 --> 00:11:00.700]   return
[00:11:00.700 --> 00:11:00.860]   to
[00:11:00.860 --> 00:11:01.260]   write
[00:11:01.260 --> 00:11:01.420]   up
[00:11:01.420 --> 00:11:01.730]   what
[00:11:01.730 --> 00:11:02.390]   happened
[00:11:02.390 --> 00:11:02.720]  .
[00:11:03.100 --> 00:11:03.260]  
[00:11:03.260 --> 00:11:03.290]   The
[00:11:03.290 --> 00:11:04.000]   environment
[00:11:04.000 --> 00:11:04.320]   holds
[00:11:04.320 --> 00:11:04.570]   that
[00:11:04.570 --> 00:11:04.950]   record
[00:11:04.950 --> 00:11:05.140]   not
[00:11:05.140 --> 00:11:05.710]   because
[00:11:05.710 --> 00:11:05.730]   it
[00:11:05.730 --> 00:11:06.030]   kills
[00:11:06.030 --> 00:11:06.740]   efficiently
[00:11:06.740 --> 00:11:06.920]  ,
[00:11:06.920 --> 00:11:07.470]   but
[00:11:07.470 --> 00:11:07.760]   because
[00:11:07.760 --> 00:11:07.930]   it
[00:11:07.930 --> 00:11:08.550]   removes
[00:11:08.550 --> 00:11:08.800]   the
[00:11:08.800 --> 00:11:09.060]   prec
[00:11:09.060 --> 00:11:09.310]  ond
[00:11:09.310 --> 00:11:09.640]  itions
[00:11:09.640 --> 00:11:09.830]   for
[00:11:09.830 --> 00:11:10.020]   any
[00:11:10.020 --> 00:11:10.620]   organized
[00:11:10.620 --> 00:11:11.180]   response
[00:11:11.180 --> 00:11:11.360]  .
[00:11:11.440 --> 00:11:11.610]   You
[00:11:11.610 --> 00:11:12.000]   cannot
[00:11:12.000 --> 00:11:12.640]   establish
[00:11:12.640 --> 00:11:12.810]   a
[00:11:12.810 --> 00:11:13.370]   perimeter
[00:11:13.370 --> 00:11:13.600]  .
[00:11:14.220 --> 00:11:14.290]   You
[00:11:14.290 --> 00:11:14.380]   cannot
[00:11:14.380 --> 00:11:14.590]   hold
[00:11:14.590 --> 00:11:15.050]   ground
[00:11:15.050 --> 00:11:15.300]  .
[00:11:15.860 --> 00:11:15.900]   You
[00:11:15.900 --> 00:11:16.020]   cannot
[00:11:16.020 --> 00:11:16.400]   advance
[00:11:16.400 --> 00:11:16.500]   on
[00:11:16.500 --> 00:11:16.620]   an
[00:11:16.620 --> 00:11:17.240]   objective
[00:11:17.240 --> 00:11:17.480]  .
[00:11:18.180 --> 00:11:18.180]   Stay
[00:11:18.180 --> 00:11:18.340]  ing
[00:11:18.340 --> 00:11:18.460]   coherent
[00:11:18.460 --> 00:11:18.720]   long
[00:11:18.720 --> 00:11:19.110]   enough
[00:11:19.110 --> 00:11:19.260]   to
[00:11:19.260 --> 00:11:19.630]   matter
[00:11:19.630 --> 00:11:19.760]   is
[00:11:19.760 --> 00:11:20.110]   about
[00:11:20.110 --> 00:11:20.280]   the
[00:11:20.280 --> 00:11:20.540]   best
[00:11:20.540 --> 00:11:21.130]   available
[00:11:21.130 --> 00:11:21.590]   outcome
[00:11:21.590 --> 00:11:21.720]  ,
[00:11:21.720 --> 00:11:21.910]   and
[00:11:21.910 --> 00:11:22.160]   that
[00:11:22.160 --> 00:11:22.490]  's
[00:11:22.490 --> 00:11:22.550]   not
[00:11:22.550 --> 00:11:22.570]   a
[00:11:22.570 --> 00:11:22.880]   given
[00:11:22.880 --> 00:11:23.200]  .
[00:11:23.660 --> 00:11:23.820]  
[00:11:23.820 --> 00:11:23.880]   Some
[00:11:23.880 --> 00:11:24.560]   environments
[00:11:24.560 --> 00:11:24.780]   kill
[00:11:24.780 --> 00:11:25.230]   soldiers
[00:11:25.230 --> 00:11:25.420]  .
[00:11:25.920 --> 00:11:26.080]   These
[00:11:26.080 --> 00:11:26.170]   kill
[00:11:26.170 --> 00:11:26.460]   the
[00:11:26.460 --> 00:11:27.290]   structure
[00:11:27.290 --> 00:11:27.350]   of
[00:11:27.350 --> 00:11:27.420]   a
[00:11:27.420 --> 00:11:28.020]   mission
[00:11:28.020 --> 00:11:28.550]   before
[00:11:28.550 --> 00:11:28.800]   the
[00:11:28.800 --> 00:11:29.190]   First
[00:11:29.190 --> 00:11:29.600]   Order
[00:11:29.600 --> 00:11:30.310]   reaches
[00:11:30.310 --> 00:11:30.750]   anyone
[00:11:30.750 --> 00:11:31.020]  .
[00:11:31.540 --> 00:11:31.700]   The
[00:11:31.700 --> 00:11:31.800]   officers
[00:11:31.800 --> 00:11:32.080]   who
[00:11:32.080 --> 00:11:32.290]   sent
[00:11:32.290 --> 00:11:32.480]   men
[00:11:32.480 --> 00:11:32.910]   into
[00:11:32.910 --> 00:11:33.240]   these
[00:11:33.240 --> 00:11:33.560]   places
[00:11:33.560 --> 00:11:33.770]   had
[00:11:33.770 --> 00:11:33.970]   the
[00:11:33.970 --> 00:11:34.770]   parameters
[00:11:34.770 --> 00:11:34.830]   in
[00:11:34.830 --> 00:11:35.180]   front
[00:11:35.180 --> 00:11:35.310]   of
[00:11:35.310 --> 00:11:35.810]   them
[00:11:35.810 --> 00:11:35.910]   and
[00:11:35.910 --> 00:11:36.140]   sent
[00:11:36.140 --> 00:11:36.370]   them
[00:11:36.370 --> 00:11:36.860]   anyway
[00:11:36.860 --> 00:11:37.140]  .
[00:11:37.660 --> 00:11:37.820]   The
[00:11:37.820 --> 00:11:38.200]   calculation
[00:11:38.200 --> 00:11:38.370]   kept
[00:11:38.370 --> 00:11:39.030]   producing
[00:11:39.030 --> 00:11:39.190]   the
[00:11:39.190 --> 00:11:39.460]   same
[00:11:39.460 --> 00:11:39.870]   answer
[00:11:39.870 --> 00:11:40.120]  .
[00:11:40.660 --> 00:11:40.820]   The
[00:11:40.820 --> 00:11:41.200]   alternative
[00:11:41.200 --> 00:11:41.420]   cost
[00:11:41.420 --> 00:11:41.730]   more
[00:11:41.730 --> 00:11:41.960]  .
[00:11:42.460 --> 00:11:42.620]   Usually
[00:11:42.620 --> 00:11:42.720]   it
[00:11:42.720 --> 00:11:43.000]   did
[00:11:43.000 --> 00:11:43.240]  .
[00:11:43.600 --> 00:11:43.740]   The
[00:11:43.740 --> 00:11:43.770]   hard
[00:11:43.770 --> 00:11:44.190]   places
[00:11:44.190 --> 00:11:44.480]   stay
[00:11:44.480 --> 00:11:44.770]   hard
[00:11:44.770 --> 00:11:45.020]  .
[00:11:45.420 --> 00:11:45.510]   The
[00:11:45.510 --> 00:11:45.580]   wars
[00:11:45.580 --> 00:11:45.720]   don
[00:11:45.720 --> 00:11:45.960]  't
[00:11:45.960 --> 00:11:46.140]   stop
[00:11:46.140 --> 00:11:46.380]  .
[00:11:46.800 --> 00:11:46.960]  
[00:11:46.960 --> 00:11:47.340]   Somebody
[00:11:47.340 --> 00:11:47.470]   else
[00:11:47.470 --> 00:11:47.690]   gets
[00:11:47.690 --> 00:11:47.880]   the
[00:11:47.880 --> 00:11:48.310]   briefing
[00:11:48.310 --> 00:11:48.560]   next
[00:11:48.560 --> 00:11:48.560]  .
