
[00:00:00.000 --> 00:00:00.120]  
[00:00:00.120 --> 00:00:00.240]   S
[00:00:00.240 --> 00:00:00.640]  illa
[00:00:00.640 --> 00:00:00.840]  .
[00:00:00.840 --> 00:00:00.920]   S
[00:00:00.920 --> 00:00:01.210]  illa
[00:00:01.210 --> 00:00:01.420]   es
[00:00:01.420 --> 00:00:01.500]   un
[00:00:01.500 --> 00:00:01.700]   mon
[00:00:01.700 --> 00:00:01.990]  stru
[00:00:01.990 --> 00:00:02.060]  o
[00:00:02.060 --> 00:00:02.270]   que
[00:00:02.270 --> 00:00:02.600]   vive
[00:00:02.600 --> 00:00:02.990]   dentro
[00:00:02.990 --> 00:00:03.130]   de
[00:00:03.130 --> 00:00:03.340]   un
[00:00:03.340 --> 00:00:03.480]   ac
[00:00:03.480 --> 00:00:03.700]  ant
[00:00:03.700 --> 00:00:03.840]  il
[00:00:03.840 --> 00:00:04.120]  ado
[00:00:04.120 --> 00:00:04.430]   junto
[00:00:04.430 --> 00:00:04.500]   a
[00:00:04.500 --> 00:00:04.680]   un
[00:00:04.680 --> 00:00:04.940]   estre
[00:00:04.940 --> 00:00:05.090]  cho
[00:00:05.090 --> 00:00:05.250]   paso
[00:00:05.250 --> 00:00:05.370]   mar
[00:00:05.370 --> 00:00:05.490]  ít
[00:00:05.490 --> 00:00:05.600]  imo
[00:00:05.600 --> 00:00:05.760]  .
[00:00:06.320 --> 00:00:06.320]   T
[00:00:06.320 --> 00:00:06.350]  iene
[00:00:06.350 --> 00:00:06.420]   6
[00:00:06.420 --> 00:00:06.560]   c
[00:00:06.560 --> 00:00:06.720]  uell
[00:00:06.720 --> 00:00:06.860]  os
[00:00:06.860 --> 00:00:07.160]   larg
[00:00:07.160 --> 00:00:07.320]  os
[00:00:07.320 --> 00:00:07.550]  ,
[00:00:07.550 --> 00:00:07.740]   6
[00:00:07.740 --> 00:00:07.910]   cab
[00:00:07.910 --> 00:00:08.060]  ez
[00:00:08.060 --> 00:00:08.240]  as
[00:00:08.240 --> 00:00:08.370]  ,
[00:00:08.370 --> 00:00:08.580]   3
[00:00:08.580 --> 00:00:08.650]   h
[00:00:08.650 --> 00:00:08.950]  iler
[00:00:08.950 --> 00:00:09.100]  as
[00:00:09.100 --> 00:00:09.250]   de
[00:00:09.250 --> 00:00:09.400]   di
[00:00:09.400 --> 00:00:09.780]  entes
[00:00:09.780 --> 00:00:09.930]   en
[00:00:09.930 --> 00:00:10.230]   cada
[00:00:10.230 --> 00:00:10.530]   boca
[00:00:10.530 --> 00:00:10.630]   y
[00:00:10.630 --> 00:00:11.130]   12
[00:00:11.130 --> 00:00:11.270]   pat
[00:00:11.270 --> 00:00:11.420]  as
[00:00:11.420 --> 00:00:11.640]   deb
[00:00:11.640 --> 00:00:11.880]  ajo
[00:00:11.880 --> 00:00:12.300]   de
[00:00:12.300 --> 00:00:12.300]   su
[00:00:12.300 --> 00:00:12.700]   cuerpo
[00:00:12.700 --> 00:00:12.890]  .
[00:00:12.890 --> 00:00:13.010]   Su
[00:00:13.010 --> 00:00:13.410]   ataque
[00:00:13.410 --> 00:00:13.720]   es
[00:00:13.720 --> 00:00:14.010]   sencill
[00:00:14.010 --> 00:00:14.070]  o
[00:00:14.070 --> 00:00:14.260]  .
[00:00:14.260 --> 00:00:14.660]   Cuando
[00:00:14.660 --> 00:00:14.790]   un
[00:00:14.790 --> 00:00:14.990]   bar
[00:00:14.990 --> 00:00:15.120]  co
[00:00:15.120 --> 00:00:15.380]   pasa
[00:00:15.380 --> 00:00:15.510]   lo
[00:00:15.510 --> 00:00:15.640]   su
[00:00:15.640 --> 00:00:15.830]  fic
[00:00:15.830 --> 00:00:16.090]  ient
[00:00:16.090 --> 00:00:16.480]  emente
[00:00:16.480 --> 00:00:16.810]   cerca
[00:00:16.810 --> 00:00:17.110]  ,
[00:00:17.110 --> 00:00:17.310]   las
[00:00:17.310 --> 00:00:17.580]   6
[00:00:17.580 --> 00:00:17.870]   cab
[00:00:17.870 --> 00:00:18.030]  ez
[00:00:18.030 --> 00:00:18.270]  as
[00:00:18.270 --> 00:00:18.460]   se
[00:00:18.460 --> 00:00:18.700]   mue
[00:00:18.700 --> 00:00:18.880]  ven
[00:00:18.880 --> 00:00:19.010]   al
[00:00:19.010 --> 00:00:19.370]   mismo
[00:00:19.370 --> 00:00:19.880]   tiempo
[00:00:19.880 --> 00:00:20.020]  .
[00:00:20.020 --> 00:00:20.380]   Cada
[00:00:20.380 --> 00:00:20.730]   cabeza
[00:00:20.730 --> 00:00:20.890]   at
[00:00:20.890 --> 00:00:21.080]  rap
[00:00:21.080 --> 00:00:21.150]  a
[00:00:21.150 --> 00:00:21.220]   a
[00:00:21.220 --> 00:00:21.360]   un
[00:00:21.360 --> 00:00:21.720]   marin
[00:00:21.720 --> 00:00:21.930]  ero
[00:00:21.930 --> 00:00:22.070]   de
[00:00:22.070 --> 00:00:22.210]   la
[00:00:22.210 --> 00:00:22.580]   cub
[00:00:22.580 --> 00:00:22.630]  ier
[00:00:22.630 --> 00:00:22.770]  ta
[00:00:22.770 --> 00:00:22.980]  .
[00:00:22.980 --> 00:00:23.270]   6
[00:00:23.270 --> 00:00:23.400]   cab
[00:00:23.400 --> 00:00:23.550]  ez
[00:00:23.550 --> 00:00:23.670]  as
[00:00:23.670 --> 00:00:24.200]   signific
[00:00:24.200 --> 00:00:24.770]  an
[00:00:24.770 --> 00:00:24.840]   6
[00:00:24.840 --> 00:00:25.030]  
[00:00:25.030 --> 00:00:25.080]   mar
[00:00:25.080 --> 00:00:25.350]  iner
[00:00:25.350 --> 00:00:25.480]  os
[00:00:25.480 --> 00:00:26.260]   que
[00:00:26.260 --> 00:00:26.340]   desapare
[00:00:26.340 --> 00:00:26.500]  cen
[00:00:26.500 --> 00:00:26.640]   en
[00:00:26.640 --> 00:00:26.780]   un
[00:00:26.780 --> 00:00:27.070]   solo
[00:00:27.070 --> 00:00:27.510]   ataque
[00:00:27.510 --> 00:00:27.720]  .
[00:00:27.720 --> 00:00:27.860]   El
[00:00:27.860 --> 00:00:28.080]   det
[00:00:28.080 --> 00:00:28.370]  alle
[00:00:28.370 --> 00:00:29.100]   importante
[00:00:29.100 --> 00:00:29.240]   es
[00:00:29.240 --> 00:00:29.460]   que
[00:00:29.460 --> 00:00:29.530]   S
[00:00:29.530 --> 00:00:29.820]  illa
[00:00:29.820 --> 00:00:29.960]   no
[00:00:29.960 --> 00:00:30.250]   pers
[00:00:30.250 --> 00:00:30.630]  igue
[00:00:30.630 --> 00:00:30.770]   a
[00:00:30.770 --> 00:00:30.880]   los
[00:00:30.880 --> 00:00:31.120]   bar
[00:00:31.120 --> 00:00:31.260]  cos
[00:00:31.260 --> 00:00:31.380]   en
[00:00:31.380 --> 00:00:31.550]   mar
[00:00:31.550 --> 00:00:31.680]   ab
[00:00:31.680 --> 00:00:32.000]  ierto
[00:00:32.000 --> 00:00:32.300]  .
[00:00:32.300 --> 00:00:32.380]   Se
[00:00:32.380 --> 00:00:32.560]   mant
[00:00:32.560 --> 00:00:32.810]  iene
[00:00:32.810 --> 00:00:33.120]   cerca
[00:00:33.120 --> 00:00:33.300]   del
[00:00:33.300 --> 00:00:33.480]   ac
[00:00:33.480 --> 00:00:33.620]  ant
[00:00:33.620 --> 00:00:33.740]  il
[00:00:33.740 --> 00:00:33.940]  ado
[00:00:33.940 --> 00:00:34.120]  .
[00:00:34.120 --> 00:00:34.330]   Eso
[00:00:34.330 --> 00:00:35.000]   significa
[00:00:35.000 --> 00:00:35.070]   que
[00:00:35.070 --> 00:00:35.190]   la
[00:00:35.190 --> 00:00:35.440]   estr
[00:00:35.440 --> 00:00:35.690]  ateg
[00:00:35.690 --> 00:00:35.970]  ia
[00:00:35.970 --> 00:00:36.100]   más
[00:00:36.100 --> 00:00:36.340]   seg
[00:00:36.340 --> 00:00:36.460]  ura
[00:00:36.460 --> 00:00:36.580]   no
[00:00:36.580 --> 00:00:36.700]   es
[00:00:36.700 --> 00:00:36.760]   l
[00:00:36.760 --> 00:00:37.060]  uchar
[00:00:37.060 --> 00:00:37.520]   contra
[00:00:37.520 --> 00:00:37.690]   ella
[00:00:37.690 --> 00:00:37.810]  ,
[00:00:37.810 --> 00:00:38.060]   sino
[00:00:38.060 --> 00:00:38.430]   seguir
[00:00:38.430 --> 00:00:38.610]   mov
[00:00:38.610 --> 00:00:38.700]  i
[00:00:38.700 --> 00:00:38.910]  énd
[00:00:38.910 --> 00:00:39.090]  ose
[00:00:39.090 --> 00:00:39.400]   antes
[00:00:39.400 --> 00:00:39.550]   de
[00:00:39.550 --> 00:00:39.700]   que
[00:00:39.700 --> 00:00:40.010]   pueda
[00:00:40.010 --> 00:00:40.260]   atac
[00:00:40.260 --> 00:00:40.410]  ar
[00:00:40.410 --> 00:00:40.500]   de
[00:00:40.500 --> 00:00:40.810]   nuevo
[00:00:40.810 --> 00:00:41.100]  .
[00:00:41.740 --> 00:00:41.740]   Od
[00:00:41.740 --> 00:00:41.740]  ise
[00:00:41.740 --> 00:00:41.740]  o
[00:00:41.740 --> 00:00:41.980]   es
[00:00:41.980 --> 00:00:42.140]   advert
[00:00:42.140 --> 00:00:42.360]  ido
[00:00:42.360 --> 00:00:42.730]   sobre
[00:00:42.730 --> 00:00:43.170]   esto
[00:00:43.170 --> 00:00:43.420]   antes
[00:00:43.420 --> 00:00:43.660]   de
[00:00:43.660 --> 00:00:44.020]   llegar
[00:00:44.020 --> 00:00:44.160]   al
[00:00:44.160 --> 00:00:44.240]   p
[00:00:44.240 --> 00:00:44.390]  so
[00:00:44.390 --> 00:00:44.460]  e
[00:00:44.460 --> 00:00:44.680]  .
[00:00:44.680 --> 00:00:44.750]   A
[00:00:44.750 --> 00:00:44.970]  ún
[00:00:44.970 --> 00:00:45.270]   así
[00:00:45.270 --> 00:00:45.420]  ,
[00:00:45.420 --> 00:00:45.870]   prepar
[00:00:45.870 --> 00:00:45.940]  a
[00:00:45.940 --> 00:00:46.160]   sus
[00:00:46.160 --> 00:00:46.550]   armas
[00:00:46.550 --> 00:00:46.830]  ,
[00:00:46.830 --> 00:00:47.150]   pero
[00:00:47.150 --> 00:00:47.680]   result
[00:00:47.680 --> 00:00:47.860]  an
[00:00:47.860 --> 00:00:48.100]   in
[00:00:48.100 --> 00:00:48.210]  út
[00:00:48.210 --> 00:00:48.480]  iles
[00:00:48.480 --> 00:00:48.700]  .
[00:00:48.700 --> 00:00:48.770]   S
[00:00:48.770 --> 00:00:49.050]  illa
[00:00:49.050 --> 00:00:49.290]   se
[00:00:49.290 --> 00:00:49.540]   lleva
[00:00:49.540 --> 00:00:49.610]   a
[00:00:49.610 --> 00:00:49.820]   6
[00:00:49.820 --> 00:00:49.960]   de
[00:00:49.960 --> 00:00:50.170]   sus
[00:00:50.170 --> 00:00:50.670]   hombres
[00:00:50.670 --> 00:00:51.240]   mientras
[00:00:51.240 --> 00:00:51.380]   el
[00:00:51.380 --> 00:00:51.590]   bar
[00:00:51.590 --> 00:00:51.730]  co
[00:00:51.730 --> 00:00:52.170]   contin
[00:00:52.170 --> 00:00:52.370]  úa
[00:00:52.370 --> 00:00:52.510]   su
[00:00:52.510 --> 00:00:52.860]   march
[00:00:52.860 --> 00:00:52.950]  a
[00:00:52.950 --> 00:00:53.140]  .
[00:00:53.140 --> 00:00:53.350]   Det
[00:00:53.350 --> 00:00:53.620]  ener
[00:00:53.620 --> 00:00:54.090]  se
[00:00:54.090 --> 00:00:54.170]   solo
[00:00:54.170 --> 00:00:54.280]   le
[00:00:54.280 --> 00:00:54.470]  
[00:00:54.470 --> 00:00:54.520]   dar
[00:00:54.520 --> 00:00:54.680]  ía
[00:00:54.680 --> 00:00:54.940]   otra
[00:00:54.940 --> 00:00:55.780]   oportunidad
[00:00:55.780 --> 00:00:55.910]  .
[00:00:55.910 --> 00:00:55.980]   S
[00:00:55.980 --> 00:00:56.250]  illa
[00:00:56.250 --> 00:00:56.800]   también
[00:00:56.800 --> 00:00:57.070]   comp
[00:00:57.070 --> 00:00:57.340]  arte
[00:00:57.340 --> 00:00:57.480]   el
[00:00:57.480 --> 00:00:57.750]   paso
[00:00:57.750 --> 00:00:57.950]   con
[00:00:57.950 --> 00:00:58.400]   Carib
[00:00:58.400 --> 00:00:58.490]  dis
[00:00:58.490 --> 00:00:58.620]  ,
[00:00:58.620 --> 00:00:58.760]   un
[00:00:58.760 --> 00:00:58.960]   rem
[00:00:58.960 --> 00:00:59.090]  ol
[00:00:59.090 --> 00:00:59.290]  ino
[00:00:59.290 --> 00:00:59.490]   gig
[00:00:59.490 --> 00:00:59.930]  ante
[00:00:59.930 --> 00:01:00.280]   en
[00:01:00.280 --> 00:01:00.280]   el
[00:01:00.280 --> 00:01:00.460]   lado
[00:01:00.460 --> 00:01:00.700]   op
[00:01:00.700 --> 00:01:00.910]  uesto
[00:01:00.910 --> 00:01:01.030]  ,
[00:01:01.030 --> 00:01:01.250]   por
[00:01:01.250 --> 00:01:01.350]   lo
[00:01:01.350 --> 00:01:01.540]   que
[00:01:01.540 --> 00:01:01.880]   la
[00:01:01.880 --> 00:01:01.940]   trip
[00:01:01.940 --> 00:01:02.050]  ul
[00:01:02.050 --> 00:01:02.430]  ación
[00:01:02.430 --> 00:01:02.560]   no
[00:01:02.560 --> 00:01:02.890]   puede
[00:01:02.890 --> 00:01:03.590]   simplemente
[00:01:03.590 --> 00:01:03.780]   ale
[00:01:03.780 --> 00:01:03.970]  jar
[00:01:03.970 --> 00:01:04.090]  se
[00:01:04.090 --> 00:01:04.350]   más
[00:01:04.350 --> 00:01:04.620]  .
[00:01:04.620 --> 00:01:04.770]   N
[00:01:04.770 --> 00:01:05.160]  ave
[00:01:05.160 --> 00:01:05.570]  gar
[00:01:05.570 --> 00:01:06.200]   cerca
[00:01:06.200 --> 00:01:06.560]   de
[00:01:06.560 --> 00:01:06.800]   S
[00:01:06.800 --> 00:01:06.920]  illa
[00:01:06.920 --> 00:01:07.060]   cu
[00:01:07.060 --> 00:01:07.340]  esta
[00:01:07.340 --> 00:01:07.570]   6
[00:01:07.570 --> 00:01:07.980]   mar
[00:01:07.980 --> 00:01:08.090]  iner
[00:01:08.090 --> 00:01:08.220]  os
[00:01:08.220 --> 00:01:08.480]  .
[00:01:08.480 --> 00:01:08.500]   N
[00:01:08.500 --> 00:01:08.710]  ave
[00:01:08.710 --> 00:01:08.990]  gar
[00:01:08.990 --> 00:01:09.280]   cerca
[00:01:09.280 --> 00:01:09.420]   de
[00:01:09.420 --> 00:01:09.780]   Carib
[00:01:09.780 --> 00:01:10.010]  dis
[00:01:10.010 --> 00:01:10.350]   puede
[00:01:10.350 --> 00:01:10.780]   destru
[00:01:10.780 --> 00:01:10.920]  ir
[00:01:10.920 --> 00:01:11.060]   el
[00:01:11.060 --> 00:01:11.280]   bar
[00:01:11.280 --> 00:01:11.420]  co
[00:01:11.420 --> 00:01:11.650]   ent
[00:01:11.650 --> 00:01:11.850]  ero
[00:01:11.850 --> 00:01:12.060]  .
[00:01:12.060 --> 00:01:12.270]   A
[00:01:12.270 --> 00:01:12.560]   Od
[00:01:12.560 --> 00:01:12.610]  ise
[00:01:12.610 --> 00:01:12.790]  o
[00:01:12.790 --> 00:01:12.870]   se
[00:01:12.870 --> 00:01:12.960]   le
[00:01:12.960 --> 00:01:13.220]   dice
[00:01:13.220 --> 00:01:13.400]   que
[00:01:13.400 --> 00:01:13.530]   el
[00:01:13.530 --> 00:01:13.760]  ija
[00:01:13.760 --> 00:01:13.760]   a
[00:01:13.760 --> 00:01:13.840]   S
[00:01:13.840 --> 00:01:14.380]  illa
[00:01:14.380 --> 00:01:14.490]   porque
[00:01:14.490 --> 00:01:14.880]   perder
[00:01:14.880 --> 00:01:14.910]   a
[00:01:14.910 --> 00:01:15.100]   6
[00:01:15.100 --> 00:01:15.610]   personas
[00:01:15.610 --> 00:01:15.740]   es
[00:01:15.740 --> 00:01:16.060]   mejor
[00:01:16.060 --> 00:01:16.250]   que
[00:01:16.250 --> 00:01:16.630]   perder
[00:01:16.630 --> 00:01:16.750]  lo
[00:01:16.750 --> 00:01:17.080]   todo
[00:01:17.080 --> 00:01:17.190]  .
[00:01:17.190 --> 00:01:17.440]   Trad
[00:01:17.440 --> 00:01:17.900]  iciones
[00:01:17.900 --> 00:01:18.270]   poster
[00:01:18.270 --> 00:01:18.330]  i
[00:01:18.330 --> 00:01:18.740]  ores
[00:01:18.740 --> 00:01:18.950]  
[00:01:18.950 --> 00:01:19.040]   situ
[00:01:19.040 --> 00:01:19.340]  aron
[00:01:19.340 --> 00:01:19.480]   el
[00:01:19.480 --> 00:01:19.790]   paso
[00:01:19.790 --> 00:01:19.940]   en
[00:01:19.940 --> 00:01:20.170]   el
[00:01:20.170 --> 00:01:20.470]   estre
[00:01:20.470 --> 00:01:20.690]  cho
[00:01:20.690 --> 00:01:20.840]   de
[00:01:20.840 --> 00:01:21.070]   Mes
[00:01:21.070 --> 00:01:21.340]  ina
[00:01:21.340 --> 00:01:21.440]  ,
[00:01:21.440 --> 00:01:21.820]   entre
[00:01:21.820 --> 00:01:22.050]   Sic
[00:01:22.050 --> 00:01:22.350]  ilia
[00:01:22.350 --> 00:01:22.420]   e
[00:01:22.420 --> 00:01:22.960]   Italia
[00:01:22.960 --> 00:01:23.180]   pen
[00:01:23.180 --> 00:01:23.400]  ins
[00:01:23.400 --> 00:01:23.690]  ular
[00:01:23.690 --> 00:01:23.920]  .
[00:01:23.920 --> 00:01:24.150]   La
[00:01:24.150 --> 00:01:24.820]   frase
[00:01:24.820 --> 00:01:25.160]   entre
[00:01:25.160 --> 00:01:25.220]   S
[00:01:25.220 --> 00:01:25.480]  illa
[00:01:25.480 --> 00:01:25.550]   y
[00:01:25.550 --> 00:01:25.880]   Carib
[00:01:25.880 --> 00:01:26.160]  dis
[00:01:26.160 --> 00:01:26.320]   se
[00:01:26.320 --> 00:01:26.490]   conv
[00:01:26.490 --> 00:01:26.740]  irt
[00:01:26.740 --> 00:01:26.890]  ió
[00:01:26.890 --> 00:01:27.020]   en
[00:01:27.020 --> 00:01:27.250]   una
[00:01:27.250 --> 00:01:27.560]   forma
[00:01:27.560 --> 00:01:27.690]   de
[00:01:27.690 --> 00:01:28.100]   descri
[00:01:28.100 --> 00:01:28.300]  bir
[00:01:28.300 --> 00:01:28.430]   el
[00:01:28.430 --> 00:01:28.770]   estar
[00:01:28.770 --> 00:01:28.940]   at
[00:01:28.940 --> 00:01:29.130]  rap
[00:01:29.130 --> 00:01:29.300]  ado
[00:01:29.300 --> 00:01:29.760]   entre
[00:01:29.760 --> 00:01:30.080]   dos
[00:01:30.080 --> 00:01:30.180]   op
[00:01:30.180 --> 00:01:30.500]  ciones
[00:01:30.500 --> 00:01:30.780]   pelig
[00:01:30.780 --> 00:01:30.950]  ros
[00:01:30.950 --> 00:01:31.050]  as
[00:01:31.050 --> 00:01:31.240]  .
